2026-08-19 17:09:05 [INFO] ============================================================
2026-08-19 17:09:05 [INFO] SISTEMA DE VIGILÂNCIA RTSP 24/7 INICIADO
2026-08-19 17:09:05 [INFO] ============================================================
2026-08-19 17:09:05 [INFO] [CaptureThread] Iniciada.
2026-08-19 17:09:05 [INFO] [YOLOThread] Iniciada.
2026-08-19 17:09:05 [INFO] [YOLO] Carregando modelo: yolo11s.pt em CPU
2026-08-19 17:09:05 [INFO] [RecordThread] Iniciada.
2026-08-19 17:09:05 [INFO] [YOLO] Carregamento concluído.
2026-08-19 17:09:07 [INFO] [Câmera] Conectado ao RTSP: rtsp://Projeto:projeto1@192.168.0.102:554/stream1 | Resolução: 1920x1080 | FPS: 15.00
2026-08-19 17:09:15 [INFO] 
[Métricas] RTSP: OK | Câmera FPS: 16.7 | RAM: 1347.47 MB | CPU
           Filas -> Cap: 0/200 (Drops: 0) | YOLO: 1/5 (Drops: 18)
           Estado: IDLE (Detecções ativas: 0)
           Restarts: Cap(0), YOLO(0), Rec(0)
2026-08-19 17:09:25 [INFO] 
[Métricas] RTSP: OK | Câmera FPS: 15.5 | RAM: 1287.88 MB | CPU
           Filas -> Cap: 0/200 (Drops: 0) | YOLO: 0/5 (Drops: 18)
           Estado: IDLE (Detecções ativas: 0)
           Restarts: Cap(0), YOLO(0), Rec(0)
2026-08-19 17:09:35 [INFO] 
[Métricas] RTSP: OK | Câmera FPS: 15.1 | RAM: 1282.20 MB | CPU
           Filas -> Cap: 0/200 (Drops: 0) | YOLO: 0/5 (Drops: 18)
           Estado: IDLE (Detecções ativas: 0)
           Restarts: Cap(0), YOLO(0), Rec(0)
2026-08-19 17:09:40 [DEBUG] [YOLO] Detectado frame 1/5. Aguardando confirmação.
2026-08-19 17:09:43 [DEBUG] [YOLO] Falso positivo descartado. Voltando para IDLE.
2026-08-19 17:09:45 [INFO] 
[Métricas] RTSP: OK | Câmera FPS: 15.1 | RAM: 1291.50 MB | CPU
           Filas -> Cap: 0/200 (Drops: 0) | YOLO: 0/5 (Drops: 18)
           Estado: IDLE (Detecções ativas: 0)
           Restarts: Cap(0), YOLO(0), Rec(0)
2026-08-19 17:09:46 [DEBUG] [YOLO] Detectado frame 1/5. Aguardando confirmação.
2026-08-19 17:09:47 [INFO] [Evento] Evento confirmado! Disparando gravação.
2026-08-19 17:09:47 [INFO] [Record] Gravando clipe: D:\Projeto\videos\clip_20260819_170947.mp4 | 15.05 FPS
2026-08-19 17:09:54 [INFO] [Record] Arquivo salvo: D:\Projeto\videos\clip_20260819_170947.mp4 (Detecções: 11)
2026-08-19 17:09:55 [INFO] 
[Métricas] RTSP: OK | Câmera FPS: 15.0 | RAM: 1553.25 MB | CPU
           Filas -> Cap: 0/200 (Drops: 0) | YOLO: 1/5 (Drops: 18)
           Estado: IDLE (Detecções ativas: 0)
           Restarts: Cap(0), YOLO(0), Rec(0)
2026-08-19 17:10:05 [INFO] 
[Métricas] RTSP: OK | Câmera FPS: 15.0 | RAM: 1691.14 MB | CPU
           Filas -> Cap: 0/200 (Drops: 0) | YOLO: 1/5 (Drops: 18)
           Estado: IDLE (Detecções ativas: 0)
           Restarts: Cap(0), YOLO(0), Rec(0)
2026-08-19 17:10:15 [INFO] 
[Métricas] RTSP: OK | Câmera FPS: 15.0 | RAM: 1687.96 MB | CPU
           Filas -> Cap: 0/200 (Drops: 0) | YOLO: 5/5 (Drops: 22)
           Estado: IDLE (Detecções ativas: 0)
           Restarts: Cap(0), YOLO(0), Rec(0)
2026-08-19 17:10:25 [INFO] 
[Métricas] RTSP: OK | Câmera FPS: 14.9 | RAM: 1708.27 MB | CPU
           Filas -> Cap: 0/200 (Drops: 0) | YOLO: 5/5 (Drops: 40)
           Estado: IDLE (Detecções ativas: 0)
           Restarts: Cap(0), YOLO(0), Rec(0)
2026-08-19 17:10:35 [INFO] 
[Métricas] RTSP: OK | Câmera FPS: 15.0 | RAM: 1704.36 MB | CPU
           Filas -> Cap: 0/200 (Drops: 0) | YOLO: 4/5 (Drops: 44)
           Estado: IDLE (Detecções ativas: 0)
           Restarts: Cap(0), YOLO(0), Rec(0)
