2026-08-19 16:27:11 [INFO] ============================================================
2026-08-19 16:27:11 [INFO] SISTEMA DE VIGILÂNCIA RTSP 24/7 INICIADO
2026-08-19 16:27:11 [INFO] ============================================================
2026-08-19 16:27:11 [INFO] [CaptureThread] Iniciada.
2026-08-19 16:27:11 [INFO] [YOLOThread] Iniciada.
2026-08-19 16:27:11 [INFO] [YOLO] Carregando modelo: yolo11s.pt em CPU
2026-08-19 16:27:11 [INFO] [RecordThread] Iniciada.
2026-08-19 16:27:12 [INFO] [YOLO] Carregamento concluído.
2026-08-19 16:27:21 [INFO] 
[Métricas] RTSP: OFF | Câmera FPS: 25.0 | RAM: 294.40 MB | CPU
           Filas -> Cap: 0/100 (Drops: 0) | YOLO: 0/5 (Drops: 0)
           Estado: IDLE (Detecções ativas: 0)
           Restarts: Cap(0), YOLO(0), Rec(0)
2026-08-19 16:27:31 [INFO] 
[Métricas] RTSP: OFF | Câmera FPS: 25.0 | RAM: 294.40 MB | CPU
           Filas -> Cap: 0/100 (Drops: 0) | YOLO: 0/5 (Drops: 0)
           Estado: IDLE (Detecções ativas: 0)
           Restarts: Cap(0), YOLO(0), Rec(0)
2026-08-19 16:27:41 [INFO] 
[Métricas] RTSP: OFF | Câmera FPS: 25.0 | RAM: 294.56 MB | CPU
           Filas -> Cap: 0/100 (Drops: 0) | YOLO: 0/5 (Drops: 0)
           Estado: IDLE (Detecções ativas: 0)
           Restarts: Cap(0), YOLO(0), Rec(0)
2026-08-19 16:27:51 [INFO] 
[Métricas] RTSP: OFF | Câmera FPS: 25.0 | RAM: 294.64 MB | CPU
           Filas -> Cap: 0/100 (Drops: 0) | YOLO: 0/5 (Drops: 0)
           Estado: IDLE (Detecções ativas: 0)
           Restarts: Cap(0), YOLO(0), Rec(0)
2026-08-19 16:28:01 [INFO] 
[Métricas] RTSP: OFF | Câmera FPS: 25.0 | RAM: 294.64 MB | CPU
           Filas -> Cap: 0/100 (Drops: 0) | YOLO: 0/5 (Drops: 0)
           Estado: IDLE (Detecções ativas: 0)
           Restarts: Cap(0), YOLO(0), Rec(0)
2026-08-19 16:28:12 [INFO] 
[Métricas] RTSP: OFF | Câmera FPS: 25.0 | RAM: 294.59 MB | CPU
           Filas -> Cap: 0/100 (Drops: 0) | YOLO: 0/5 (Drops: 0)
           Estado: IDLE (Detecções ativas: 0)
           Restarts: Cap(0), YOLO(0), Rec(0)
2026-08-19 16:28:22 [INFO] 
[Métricas] RTSP: OFF | Câmera FPS: 25.0 | RAM: 294.59 MB | CPU
           Filas -> Cap: 0/100 (Drops: 0) | YOLO: 0/5 (Drops: 0)
           Estado: IDLE (Detecções ativas: 0)
           Restarts: Cap(0), YOLO(0), Rec(0)
2026-08-19 16:28:32 [INFO] 
[Métricas] RTSP: OFF | Câmera FPS: 25.0 | RAM: 294.59 MB | CPU
           Filas -> Cap: 0/100 (Drops: 0) | YOLO: 0/5 (Drops: 0)
           Estado: IDLE (Detecções ativas: 0)
           Restarts: Cap(0), YOLO(0), Rec(0)
2026-08-19 16:28:42 [INFO] 
[Métricas] RTSP: OFF | Câmera FPS: 25.0 | RAM: 294.59 MB | CPU
           Filas -> Cap: 0/100 (Drops: 0) | YOLO: 0/5 (Drops: 0)
           Estado: IDLE (Detecções ativas: 0)
           Restarts: Cap(0), YOLO(0), Rec(0)
2026-08-19 16:28:52 [INFO] 
[Métricas] RTSP: OFF | Câmera FPS: 25.0 | RAM: 294.59 MB | CPU
           Filas -> Cap: 0/100 (Drops: 0) | YOLO: 0/5 (Drops: 0)
           Estado: IDLE (Detecções ativas: 0)
           Restarts: Cap(0), YOLO(0), Rec(0)
2026-08-19 16:29:02 [INFO] 
[Métricas] RTSP: OFF | Câmera FPS: 25.0 | RAM: 294.59 MB | CPU
           Filas -> Cap: 0/100 (Drops: 0) | YOLO: 0/5 (Drops: 0)
           Estado: IDLE (Detecções ativas: 0)
           Restarts: Cap(0), YOLO(0), Rec(0)
2026-08-19 16:29:12 [INFO] 
[Métricas] RTSP: OFF | Câmera FPS: 25.0 | RAM: 294.59 MB | CPU
           Filas -> Cap: 0/100 (Drops: 0) | YOLO: 0/5 (Drops: 0)
           Estado: IDLE (Detecções ativas: 0)
           Restarts: Cap(0), YOLO(0), Rec(0)
2026-08-19 16:29:22 [INFO] 
[Métricas] RTSP: OFF | Câmera FPS: 25.0 | RAM: 294.56 MB | CPU
           Filas -> Cap: 0/100 (Drops: 0) | YOLO: 0/5 (Drops: 0)
           Estado: IDLE (Detecções ativas: 0)
           Restarts: Cap(0), YOLO(0), Rec(0)
2026-08-19 16:29:32 [INFO] 
[Métricas] RTSP: OFF | Câmera FPS: 25.0 | RAM: 294.56 MB | CPU
           Filas -> Cap: 0/100 (Drops: 0) | YOLO: 0/5 (Drops: 0)
           Estado: IDLE (Detecções ativas: 0)
           Restarts: Cap(0), YOLO(0), Rec(0)
2026-08-19 16:29:42 [INFO] 
[Métricas] RTSP: OFF | Câmera FPS: 25.0 | RAM: 294.56 MB | CPU
           Filas -> Cap: 0/100 (Drops: 0) | YOLO: 0/5 (Drops: 0)
           Estado: IDLE (Detecções ativas: 0)
           Restarts: Cap(0), YOLO(0), Rec(0)
2026-08-19 16:29:52 [INFO] 
[Métricas] RTSP: OFF | Câmera FPS: 25.0 | RAM: 294.56 MB | CPU
           Filas -> Cap: 0/100 (Drops: 0) | YOLO: 0/5 (Drops: 0)
           Estado: IDLE (Detecções ativas: 0)
           Restarts: Cap(0), YOLO(0), Rec(0)
2026-08-19 16:30:02 [INFO] 
[Métricas] RTSP: OFF | Câmera FPS: 25.0 | RAM: 294.56 MB | CPU
           Filas -> Cap: 0/100 (Drops: 0) | YOLO: 0/5 (Drops: 0)
           Estado: IDLE (Detecções ativas: 0)
           Restarts: Cap(0), YOLO(0), Rec(0)
2026-08-19 16:30:12 [INFO] 
[Métricas] RTSP: OFF | Câmera FPS: 25.0 | RAM: 294.56 MB | CPU
           Filas -> Cap: 0/100 (Drops: 0) | YOLO: 0/5 (Drops: 0)
           Estado: IDLE (Detecções ativas: 0)
           Restarts: Cap(0), YOLO(0), Rec(0)
2026-08-19 16:30:22 [INFO] 
[Métricas] RTSP: OFF | Câmera FPS: 25.0 | RAM: 294.56 MB | CPU
           Filas -> Cap: 0/100 (Drops: 0) | YOLO: 0/5 (Drops: 0)
           Estado: IDLE (Detecções ativas: 0)
           Restarts: Cap(0), YOLO(0), Rec(0)
2026-08-19 16:30:32 [INFO] 
[Métricas] RTSP: OFF | Câmera FPS: 25.0 | RAM: 294.56 MB | CPU
           Filas -> Cap: 0/100 (Drops: 0) | YOLO: 0/5 (Drops: 0)
           Estado: IDLE (Detecções ativas: 0)
           Restarts: Cap(0), YOLO(0), Rec(0)
2026-08-19 16:30:43 [INFO] 
[Métricas] RTSP: OFF | Câmera FPS: 25.0 | RAM: 294.56 MB | CPU
           Filas -> Cap: 0/100 (Drops: 0) | YOLO: 0/5 (Drops: 0)
           Estado: IDLE (Detecções ativas: 0)
           Restarts: Cap(0), YOLO(0), Rec(0)
