2026-08-20 15:40:06 [INFO] ============================================================
2026-08-20 15:40:06 [INFO] SISTEMA DE VIGILÂNCIA RTSP 24/7 INICIADO
2026-08-20 15:40:06 [INFO] ============================================================
2026-08-20 15:40:06 [INFO] [CaptureThread] Iniciada.
2026-08-20 15:40:06 [INFO] [YOLOThread] Iniciada.
2026-08-20 15:40:06 [INFO] [YOLO] Carregando modelo: yolo11s.pt em CPU
2026-08-20 15:40:06 [INFO] [RecordThread] Iniciada.
2026-08-20 15:40:06 [INFO] [YOLO] Carregamento concluído.
2026-08-20 15:40:16 [INFO] 
[Métricas] RTSP: OFF | Câmera FPS: 25.0 | RAM: 293.93 MB | CPU
           Filas -> Cap: 0/200 (Drops: 0) | YOLO: 0/5 (Drops: 0)
           Estado: IDLE (Detecções ativas: 0)
           Restarts: Cap(0), YOLO(0), Rec(0)
2026-08-20 15:40:26 [INFO] 
[Métricas] RTSP: OFF | Câmera FPS: 25.0 | RAM: 293.93 MB | CPU
           Filas -> Cap: 0/200 (Drops: 0) | YOLO: 0/5 (Drops: 0)
           Estado: IDLE (Detecções ativas: 0)
           Restarts: Cap(0), YOLO(0), Rec(0)
2026-08-20 15:40:36 [INFO] 
[Métricas] RTSP: OFF | Câmera FPS: 25.0 | RAM: 293.93 MB | CPU
           Filas -> Cap: 0/200 (Drops: 0) | YOLO: 0/5 (Drops: 0)
           Estado: IDLE (Detecções ativas: 0)
           Restarts: Cap(0), YOLO(0), Rec(0)
2026-08-20 15:40:46 [INFO] 
[Métricas] RTSP: OFF | Câmera FPS: 25.0 | RAM: 294.17 MB | CPU
           Filas -> Cap: 0/200 (Drops: 0) | YOLO: 0/5 (Drops: 0)
           Estado: IDLE (Detecções ativas: 0)
           Restarts: Cap(0), YOLO(0), Rec(0)
2026-08-20 15:40:56 [INFO] 
[Métricas] RTSP: OFF | Câmera FPS: 25.0 | RAM: 294.17 MB | CPU
           Filas -> Cap: 0/200 (Drops: 0) | YOLO: 0/5 (Drops: 0)
           Estado: IDLE (Detecções ativas: 0)
           Restarts: Cap(0), YOLO(0), Rec(0)
2026-08-20 15:41:06 [INFO] 
[Métricas] RTSP: OFF | Câmera FPS: 25.0 | RAM: 294.12 MB | CPU
           Filas -> Cap: 0/200 (Drops: 0) | YOLO: 0/5 (Drops: 0)
           Estado: IDLE (Detecções ativas: 0)
           Restarts: Cap(0), YOLO(0), Rec(0)
2026-08-20 15:41:16 [INFO] 
[Métricas] RTSP: OFF | Câmera FPS: 25.0 | RAM: 294.12 MB | CPU
           Filas -> Cap: 0/200 (Drops: 0) | YOLO: 0/5 (Drops: 0)
           Estado: IDLE (Detecções ativas: 0)
           Restarts: Cap(0), YOLO(0), Rec(0)
2026-08-20 15:41:26 [INFO] 
[Métricas] RTSP: OFF | Câmera FPS: 25.0 | RAM: 294.12 MB | CPU
           Filas -> Cap: 0/200 (Drops: 0) | YOLO: 0/5 (Drops: 0)
           Estado: IDLE (Detecções ativas: 0)
           Restarts: Cap(0), YOLO(0), Rec(0)
2026-08-20 15:41:36 [INFO] 
[Métricas] RTSP: OFF | Câmera FPS: 25.0 | RAM: 294.12 MB | CPU
           Filas -> Cap: 0/200 (Drops: 0) | YOLO: 0/5 (Drops: 0)
           Estado: IDLE (Detecções ativas: 0)
           Restarts: Cap(0), YOLO(0), Rec(0)
2026-08-20 15:41:46 [INFO] 
[Métricas] RTSP: OFF | Câmera FPS: 25.0 | RAM: 294.12 MB | CPU
           Filas -> Cap: 0/200 (Drops: 0) | YOLO: 0/5 (Drops: 0)
           Estado: IDLE (Detecções ativas: 0)
           Restarts: Cap(0), YOLO(0), Rec(0)
2026-08-20 15:41:56 [INFO] 
[Métricas] RTSP: OFF | Câmera FPS: 25.0 | RAM: 291.32 MB | CPU
           Filas -> Cap: 0/200 (Drops: 0) | YOLO: 0/5 (Drops: 0)
           Estado: IDLE (Detecções ativas: 0)
           Restarts: Cap(0), YOLO(0), Rec(0)
