2026-08-19 16:35:16 [INFO] ============================================================
2026-08-19 16:35:16 [INFO] SISTEMA DE VIGILÂNCIA RTSP 24/7 INICIADO
2026-08-19 16:35:16 [INFO] ============================================================
2026-08-19 16:35:16 [INFO] [CaptureThread] Iniciada.
2026-08-19 16:35:16 [INFO] [YOLOThread] Iniciada.
2026-08-19 16:35:16 [INFO] [YOLO] Carregando modelo: yolo11s.pt em CPU
2026-08-19 16:35:16 [INFO] [RecordThread] Iniciada.
2026-08-19 16:35:16 [INFO] [YOLO] Carregamento concluído.
2026-08-19 16:35:26 [INFO] 
[Métricas] RTSP: OFF | Câmera FPS: 25.0 | RAM: 294.46 MB | CPU
           Filas -> Cap: 0/100 (Drops: 0) | YOLO: 0/5 (Drops: 0)
           Estado: IDLE (Detecções ativas: 0)
           Restarts: Cap(0), YOLO(0), Rec(0)
2026-08-19 16:35:36 [INFO] 
[Métricas] RTSP: OFF | Câmera FPS: 25.0 | RAM: 294.46 MB | CPU
           Filas -> Cap: 0/100 (Drops: 0) | YOLO: 0/5 (Drops: 0)
           Estado: IDLE (Detecções ativas: 0)
           Restarts: Cap(0), YOLO(0), Rec(0)
2026-08-19 16:35:46 [INFO] 
[Métricas] RTSP: OFF | Câmera FPS: 25.0 | RAM: 294.63 MB | CPU
           Filas -> Cap: 0/100 (Drops: 0) | YOLO: 0/5 (Drops: 0)
           Estado: IDLE (Detecções ativas: 0)
           Restarts: Cap(0), YOLO(0), Rec(0)
2026-08-19 16:35:56 [INFO] 
[Métricas] RTSP: OFF | Câmera FPS: 25.0 | RAM: 294.70 MB | CPU
           Filas -> Cap: 0/100 (Drops: 0) | YOLO: 0/5 (Drops: 0)
           Estado: IDLE (Detecções ativas: 0)
           Restarts: Cap(0), YOLO(0), Rec(0)
2026-08-19 16:36:06 [INFO] 
[Métricas] RTSP: OFF | Câmera FPS: 25.0 | RAM: 294.70 MB | CPU
           Filas -> Cap: 0/100 (Drops: 0) | YOLO: 0/5 (Drops: 0)
           Estado: IDLE (Detecções ativas: 0)
           Restarts: Cap(0), YOLO(0), Rec(0)
2026-08-19 16:36:16 [INFO] 
[Métricas] RTSP: OFF | Câmera FPS: 25.0 | RAM: 294.64 MB | CPU
           Filas -> Cap: 0/100 (Drops: 0) | YOLO: 0/5 (Drops: 0)
           Estado: IDLE (Detecções ativas: 0)
           Restarts: Cap(0), YOLO(0), Rec(0)
2026-08-19 16:36:26 [INFO] 
[Métricas] RTSP: OFF | Câmera FPS: 25.0 | RAM: 294.65 MB | CPU
           Filas -> Cap: 0/100 (Drops: 0) | YOLO: 0/5 (Drops: 0)
           Estado: IDLE (Detecções ativas: 0)
           Restarts: Cap(0), YOLO(0), Rec(0)
2026-08-19 16:36:36 [INFO] 
[Métricas] RTSP: OFF | Câmera FPS: 25.0 | RAM: 294.65 MB | CPU
           Filas -> Cap: 0/100 (Drops: 0) | YOLO: 0/5 (Drops: 0)
           Estado: IDLE (Detecções ativas: 0)
           Restarts: Cap(0), YOLO(0), Rec(0)
2026-08-19 16:36:46 [INFO] 
[Métricas] RTSP: OFF | Câmera FPS: 25.0 | RAM: 294.65 MB | CPU
           Filas -> Cap: 0/100 (Drops: 0) | YOLO: 0/5 (Drops: 0)
           Estado: IDLE (Detecções ativas: 0)
           Restarts: Cap(0), YOLO(0), Rec(0)
2026-08-19 16:36:56 [INFO] 
[Métricas] RTSP: OFF | Câmera FPS: 25.0 | RAM: 294.65 MB | CPU
           Filas -> Cap: 0/100 (Drops: 0) | YOLO: 0/5 (Drops: 0)
           Estado: IDLE (Detecções ativas: 0)
           Restarts: Cap(0), YOLO(0), Rec(0)
2026-08-19 16:37:06 [INFO] 
[Métricas] RTSP: OFF | Câmera FPS: 25.0 | RAM: 294.65 MB | CPU
           Filas -> Cap: 0/100 (Drops: 0) | YOLO: 0/5 (Drops: 0)
           Estado: IDLE (Detecções ativas: 0)
           Restarts: Cap(0), YOLO(0), Rec(0)
2026-08-19 16:37:16 [INFO] 
[Métricas] RTSP: OFF | Câmera FPS: 25.0 | RAM: 294.64 MB | CPU
           Filas -> Cap: 0/100 (Drops: 0) | YOLO: 0/5 (Drops: 0)
           Estado: IDLE (Detecções ativas: 0)
           Restarts: Cap(0), YOLO(0), Rec(0)
2026-08-19 16:37:26 [INFO] 
[Métricas] RTSP: OFF | Câmera FPS: 25.0 | RAM: 294.64 MB | CPU
           Filas -> Cap: 0/100 (Drops: 0) | YOLO: 0/5 (Drops: 0)
           Estado: IDLE (Detecções ativas: 0)
           Restarts: Cap(0), YOLO(0), Rec(0)
2026-08-19 16:37:36 [INFO] 
[Métricas] RTSP: OFF | Câmera FPS: 25.0 | RAM: 294.61 MB | CPU
           Filas -> Cap: 0/100 (Drops: 0) | YOLO: 0/5 (Drops: 0)
           Estado: IDLE (Detecções ativas: 0)
           Restarts: Cap(0), YOLO(0), Rec(0)
