2026-08-26 16:28:11 [INFO] ============================================================
2026-08-26 16:28:11 [INFO] SISTEMA DE VIGILÂNCIA RTSP 24/7 INICIADO
2026-08-26 16:28:11 [INFO] ============================================================
2026-08-26 16:28:11 [INFO] [CaptureThread] Iniciada.
2026-08-26 16:28:11 [INFO] [YOLOThread] Iniciada.
2026-08-26 16:28:11 [INFO] [YOLO] Carregando modelo: yolo11s.pt em CPU
2026-08-26 16:28:11 [INFO] [RecordThread] Iniciada.
2026-08-26 16:28:12 [INFO] [YOLO] Carregamento concluído.
2026-08-26 16:28:21 [INFO] 
[Métricas] RTSP: OFF | Câmera FPS: 25.0 | RAM: 294.49 MB | CPU
           Filas -> Cap: 0/200 (Drops: 0) | YOLO: 0/5 (Drops: 0)
           Estado: IDLE (Detecções ativas: 0)
           Restarts: Cap(0), YOLO(0), Rec(0)
2026-08-26 16:28:31 [INFO] 
[Métricas] RTSP: OFF | Câmera FPS: 25.0 | RAM: 294.49 MB | CPU
           Filas -> Cap: 0/200 (Drops: 0) | YOLO: 0/5 (Drops: 0)
           Estado: IDLE (Detecções ativas: 0)
           Restarts: Cap(0), YOLO(0), Rec(0)
2026-08-26 16:28:41 [INFO] 
[Métricas] RTSP: OFF | Câmera FPS: 25.0 | RAM: 294.75 MB | CPU
           Filas -> Cap: 0/200 (Drops: 0) | YOLO: 0/5 (Drops: 0)
           Estado: IDLE (Detecções ativas: 0)
           Restarts: Cap(0), YOLO(0), Rec(0)
2026-08-26 16:28:51 [INFO] 
[Métricas] RTSP: OFF | Câmera FPS: 25.0 | RAM: 294.75 MB | CPU
           Filas -> Cap: 0/200 (Drops: 0) | YOLO: 0/5 (Drops: 0)
           Estado: IDLE (Detecções ativas: 0)
           Restarts: Cap(0), YOLO(0), Rec(0)
2026-08-26 16:29:01 [INFO] 
[Métricas] RTSP: OFF | Câmera FPS: 25.0 | RAM: 294.75 MB | CPU
           Filas -> Cap: 0/200 (Drops: 0) | YOLO: 0/5 (Drops: 0)
           Estado: IDLE (Detecções ativas: 0)
           Restarts: Cap(0), YOLO(0), Rec(0)
2026-08-26 16:29:11 [INFO] 
[Métricas] RTSP: OFF | Câmera FPS: 25.0 | RAM: 294.70 MB | CPU
           Filas -> Cap: 0/200 (Drops: 0) | YOLO: 0/5 (Drops: 0)
           Estado: IDLE (Detecções ativas: 0)
           Restarts: Cap(0), YOLO(0), Rec(0)
2026-08-26 16:29:21 [INFO] 
[Métricas] RTSP: OFF | Câmera FPS: 25.0 | RAM: 294.70 MB | CPU
           Filas -> Cap: 0/200 (Drops: 0) | YOLO: 0/5 (Drops: 0)
           Estado: IDLE (Detecções ativas: 0)
           Restarts: Cap(0), YOLO(0), Rec(0)
2026-08-26 16:29:31 [INFO] 
[Métricas] RTSP: OFF | Câmera FPS: 25.0 | RAM: 294.70 MB | CPU
           Filas -> Cap: 0/200 (Drops: 0) | YOLO: 0/5 (Drops: 0)
           Estado: IDLE (Detecções ativas: 0)
           Restarts: Cap(0), YOLO(0), Rec(0)
2026-08-26 16:29:41 [INFO] 
[Métricas] RTSP: OFF | Câmera FPS: 25.0 | RAM: 294.70 MB | CPU
           Filas -> Cap: 0/200 (Drops: 0) | YOLO: 0/5 (Drops: 0)
           Estado: IDLE (Detecções ativas: 0)
           Restarts: Cap(0), YOLO(0), Rec(0)
2026-08-26 16:29:51 [INFO] 
[Métricas] RTSP: OFF | Câmera FPS: 25.0 | RAM: 294.70 MB | CPU
           Filas -> Cap: 0/200 (Drops: 0) | YOLO: 0/5 (Drops: 0)
           Estado: IDLE (Detecções ativas: 0)
           Restarts: Cap(0), YOLO(0), Rec(0)
2026-08-26 16:30:01 [INFO] 
[Métricas] RTSP: OFF | Câmera FPS: 25.0 | RAM: 294.70 MB | CPU
           Filas -> Cap: 0/200 (Drops: 0) | YOLO: 0/5 (Drops: 0)
           Estado: IDLE (Detecções ativas: 0)
           Restarts: Cap(0), YOLO(0), Rec(0)
2026-08-26 16:30:11 [INFO] 
[Métricas] RTSP: OFF | Câmera FPS: 25.0 | RAM: 294.69 MB | CPU
           Filas -> Cap: 0/200 (Drops: 0) | YOLO: 0/5 (Drops: 0)
           Estado: IDLE (Detecções ativas: 0)
           Restarts: Cap(0), YOLO(0), Rec(0)
2026-08-26 16:30:21 [INFO] 
[Métricas] RTSP: OFF | Câmera FPS: 25.0 | RAM: 294.69 MB | CPU
           Filas -> Cap: 0/200 (Drops: 0) | YOLO: 0/5 (Drops: 0)
           Estado: IDLE (Detecções ativas: 0)
           Restarts: Cap(0), YOLO(0), Rec(0)
2026-08-26 16:30:31 [INFO] 
[Métricas] RTSP: OFF | Câmera FPS: 25.0 | RAM: 294.66 MB | CPU
           Filas -> Cap: 0/200 (Drops: 0) | YOLO: 0/5 (Drops: 0)
           Estado: IDLE (Detecções ativas: 0)
           Restarts: Cap(0), YOLO(0), Rec(0)
2026-08-26 16:30:41 [INFO] 
[Métricas] RTSP: OFF | Câmera FPS: 25.0 | RAM: 294.66 MB | CPU
           Filas -> Cap: 0/200 (Drops: 0) | YOLO: 0/5 (Drops: 0)
           Estado: IDLE (Detecções ativas: 0)
           Restarts: Cap(0), YOLO(0), Rec(0)
2026-08-26 16:30:51 [INFO] 
[Métricas] RTSP: OFF | Câmera FPS: 25.0 | RAM: 294.66 MB | CPU
           Filas -> Cap: 0/200 (Drops: 0) | YOLO: 0/5 (Drops: 0)
           Estado: IDLE (Detecções ativas: 0)
           Restarts: Cap(0), YOLO(0), Rec(0)
2026-08-26 16:31:01 [INFO] 
[Métricas] RTSP: OFF | Câmera FPS: 25.0 | RAM: 294.66 MB | CPU
           Filas -> Cap: 0/200 (Drops: 0) | YOLO: 0/5 (Drops: 0)
           Estado: IDLE (Detecções ativas: 0)
           Restarts: Cap(0), YOLO(0), Rec(0)
2026-08-26 16:31:11 [INFO] 
[Métricas] RTSP: OFF | Câmera FPS: 25.0 | RAM: 294.66 MB | CPU
           Filas -> Cap: 0/200 (Drops: 0) | YOLO: 0/5 (Drops: 0)
           Estado: IDLE (Detecções ativas: 0)
           Restarts: Cap(0), YOLO(0), Rec(0)
2026-08-26 16:31:21 [INFO] 
[Métricas] RTSP: OFF | Câmera FPS: 25.0 | RAM: 294.66 MB | CPU
           Filas -> Cap: 0/200 (Drops: 0) | YOLO: 0/5 (Drops: 0)
           Estado: IDLE (Detecções ativas: 0)
           Restarts: Cap(0), YOLO(0), Rec(0)
2026-08-26 16:31:31 [INFO] 
[Métricas] RTSP: OFF | Câmera FPS: 25.0 | RAM: 294.66 MB | CPU
           Filas -> Cap: 0/200 (Drops: 0) | YOLO: 0/5 (Drops: 0)
           Estado: IDLE (Detecções ativas: 0)
           Restarts: Cap(0), YOLO(0), Rec(0)
2026-08-26 16:31:41 [INFO] 
[Métricas] RTSP: OFF | Câmera FPS: 25.0 | RAM: 294.66 MB | CPU
           Filas -> Cap: 0/200 (Drops: 0) | YOLO: 0/5 (Drops: 0)
           Estado: IDLE (Detecções ativas: 0)
           Restarts: Cap(0), YOLO(0), Rec(0)
2026-08-26 16:31:51 [INFO] 
[Métricas] RTSP: OFF | Câmera FPS: 25.0 | RAM: 294.66 MB | CPU
           Filas -> Cap: 0/200 (Drops: 0) | YOLO: 0/5 (Drops: 0)
           Estado: IDLE (Detecções ativas: 0)
           Restarts: Cap(0), YOLO(0), Rec(0)
2026-08-26 16:32:01 [INFO] 
[Métricas] RTSP: OFF | Câmera FPS: 25.0 | RAM: 294.66 MB | CPU
           Filas -> Cap: 0/200 (Drops: 0) | YOLO: 0/5 (Drops: 0)
           Estado: IDLE (Detecções ativas: 0)
           Restarts: Cap(0), YOLO(0), Rec(0)
2026-08-26 16:32:11 [INFO] 
[Métricas] RTSP: OFF | Câmera FPS: 25.0 | RAM: 294.66 MB | CPU
           Filas -> Cap: 0/200 (Drops: 0) | YOLO: 0/5 (Drops: 0)
           Estado: IDLE (Detecções ativas: 0)
           Restarts: Cap(0), YOLO(0), Rec(0)
2026-08-26 16:32:21 [INFO] 
[Métricas] RTSP: OFF | Câmera FPS: 25.0 | RAM: 294.66 MB | CPU
           Filas -> Cap: 0/200 (Drops: 0) | YOLO: 0/5 (Drops: 0)
           Estado: IDLE (Detecções ativas: 0)
           Restarts: Cap(0), YOLO(0), Rec(0)
2026-08-26 16:32:31 [INFO] 
[Métricas] RTSP: OFF | Câmera FPS: 25.0 | RAM: 294.66 MB | CPU
           Filas -> Cap: 0/200 (Drops: 0) | YOLO: 0/5 (Drops: 0)
           Estado: IDLE (Detecções ativas: 0)
           Restarts: Cap(0), YOLO(0), Rec(0)
2026-08-26 16:32:41 [INFO] 
[Métricas] RTSP: OFF | Câmera FPS: 25.0 | RAM: 294.66 MB | CPU
           Filas -> Cap: 0/200 (Drops: 0) | YOLO: 0/5 (Drops: 0)
           Estado: IDLE (Detecções ativas: 0)
           Restarts: Cap(0), YOLO(0), Rec(0)
2026-08-26 16:32:51 [INFO] 
[Métricas] RTSP: OFF | Câmera FPS: 25.0 | RAM: 294.66 MB | CPU
           Filas -> Cap: 0/200 (Drops: 0) | YOLO: 0/5 (Drops: 0)
           Estado: IDLE (Detecções ativas: 0)
           Restarts: Cap(0), YOLO(0), Rec(0)
2026-08-26 16:33:01 [INFO] 
[Métricas] RTSP: OFF | Câmera FPS: 25.0 | RAM: 294.66 MB | CPU
           Filas -> Cap: 0/200 (Drops: 0) | YOLO: 0/5 (Drops: 0)
           Estado: IDLE (Detecções ativas: 0)
           Restarts: Cap(0), YOLO(0), Rec(0)
2026-08-26 16:33:11 [INFO] 
[Métricas] RTSP: OFF | Câmera FPS: 25.0 | RAM: 294.71 MB | CPU
           Filas -> Cap: 0/200 (Drops: 0) | YOLO: 0/5 (Drops: 0)
           Estado: IDLE (Detecções ativas: 0)
           Restarts: Cap(0), YOLO(0), Rec(0)
2026-08-26 16:33:21 [INFO] 
[Métricas] RTSP: OFF | Câmera FPS: 25.0 | RAM: 294.71 MB | CPU
           Filas -> Cap: 0/200 (Drops: 0) | YOLO: 0/5 (Drops: 0)
           Estado: IDLE (Detecções ativas: 0)
           Restarts: Cap(0), YOLO(0), Rec(0)
2026-08-26 16:33:31 [INFO] 
[Métricas] RTSP: OFF | Câmera FPS: 25.0 | RAM: 294.71 MB | CPU
           Filas -> Cap: 0/200 (Drops: 0) | YOLO: 0/5 (Drops: 0)
           Estado: IDLE (Detecções ativas: 0)
           Restarts: Cap(0), YOLO(0), Rec(0)
2026-08-26 16:33:41 [INFO] 
[Métricas] RTSP: OFF | Câmera FPS: 25.0 | RAM: 294.71 MB | CPU
           Filas -> Cap: 0/200 (Drops: 0) | YOLO: 0/5 (Drops: 0)
           Estado: IDLE (Detecções ativas: 0)
           Restarts: Cap(0), YOLO(0), Rec(0)
2026-08-26 16:33:51 [INFO] 
[Métricas] RTSP: OFF | Câmera FPS: 25.0 | RAM: 294.71 MB | CPU
           Filas -> Cap: 0/200 (Drops: 0) | YOLO: 0/5 (Drops: 0)
           Estado: IDLE (Detecções ativas: 0)
           Restarts: Cap(0), YOLO(0), Rec(0)
2026-08-26 16:34:01 [INFO] 
[Métricas] RTSP: OFF | Câmera FPS: 25.0 | RAM: 294.71 MB | CPU
           Filas -> Cap: 0/200 (Drops: 0) | YOLO: 0/5 (Drops: 0)
           Estado: IDLE (Detecções ativas: 0)
           Restarts: Cap(0), YOLO(0), Rec(0)
2026-08-26 16:34:11 [INFO] 
[Métricas] RTSP: OFF | Câmera FPS: 25.0 | RAM: 294.71 MB | CPU
           Filas -> Cap: 0/200 (Drops: 0) | YOLO: 0/5 (Drops: 0)
           Estado: IDLE (Detecções ativas: 0)
           Restarts: Cap(0), YOLO(0), Rec(0)
2026-08-26 16:34:21 [INFO] 
[Métricas] RTSP: OFF | Câmera FPS: 25.0 | RAM: 294.71 MB | CPU
           Filas -> Cap: 0/200 (Drops: 0) | YOLO: 0/5 (Drops: 0)
           Estado: IDLE (Detecções ativas: 0)
           Restarts: Cap(0), YOLO(0), Rec(0)
2026-08-26 16:34:31 [INFO] 
[Métricas] RTSP: OFF | Câmera FPS: 25.0 | RAM: 294.71 MB | CPU
           Filas -> Cap: 0/200 (Drops: 0) | YOLO: 0/5 (Drops: 0)
           Estado: IDLE (Detecções ativas: 0)
           Restarts: Cap(0), YOLO(0), Rec(0)
2026-08-26 16:34:41 [INFO] 
[Métricas] RTSP: OFF | Câmera FPS: 25.0 | RAM: 294.71 MB | CPU
           Filas -> Cap: 0/200 (Drops: 0) | YOLO: 0/5 (Drops: 0)
           Estado: IDLE (Detecções ativas: 0)
           Restarts: Cap(0), YOLO(0), Rec(0)
2026-08-26 16:34:51 [INFO] 
[Métricas] RTSP: OFF | Câmera FPS: 25.0 | RAM: 294.73 MB | CPU
           Filas -> Cap: 0/200 (Drops: 0) | YOLO: 0/5 (Drops: 0)
           Estado: IDLE (Detecções ativas: 0)
           Restarts: Cap(0), YOLO(0), Rec(0)
2026-08-26 16:35:01 [INFO] 
[Métricas] RTSP: OFF | Câmera FPS: 25.0 | RAM: 294.73 MB | CPU
           Filas -> Cap: 0/200 (Drops: 0) | YOLO: 0/5 (Drops: 0)
           Estado: IDLE (Detecções ativas: 0)
           Restarts: Cap(0), YOLO(0), Rec(0)
2026-08-26 16:35:11 [INFO] 
[Métricas] RTSP: OFF | Câmera FPS: 25.0 | RAM: 294.73 MB | CPU
           Filas -> Cap: 0/200 (Drops: 0) | YOLO: 0/5 (Drops: 0)
           Estado: IDLE (Detecções ativas: 0)
           Restarts: Cap(0), YOLO(0), Rec(0)
2026-08-26 16:35:21 [INFO] 
[Métricas] RTSP: OFF | Câmera FPS: 25.0 | RAM: 294.73 MB | CPU
           Filas -> Cap: 0/200 (Drops: 0) | YOLO: 0/5 (Drops: 0)
           Estado: IDLE (Detecções ativas: 0)
           Restarts: Cap(0), YOLO(0), Rec(0)
2026-08-26 16:35:32 [INFO] 
[Métricas] RTSP: OFF | Câmera FPS: 25.0 | RAM: 294.73 MB | CPU
           Filas -> Cap: 0/200 (Drops: 0) | YOLO: 0/5 (Drops: 0)
           Estado: IDLE (Detecções ativas: 0)
           Restarts: Cap(0), YOLO(0), Rec(0)
2026-08-26 16:35:42 [INFO] 
[Métricas] RTSP: OFF | Câmera FPS: 25.0 | RAM: 294.73 MB | CPU
           Filas -> Cap: 0/200 (Drops: 0) | YOLO: 0/5 (Drops: 0)
           Estado: IDLE (Detecções ativas: 0)
           Restarts: Cap(0), YOLO(0), Rec(0)
2026-08-26 16:35:52 [INFO] 
[Métricas] RTSP: OFF | Câmera FPS: 25.0 | RAM: 294.74 MB | CPU
           Filas -> Cap: 0/200 (Drops: 0) | YOLO: 0/5 (Drops: 0)
           Estado: IDLE (Detecções ativas: 0)
           Restarts: Cap(0), YOLO(0), Rec(0)
2026-08-26 16:36:02 [INFO] 
[Métricas] RTSP: OFF | Câmera FPS: 25.0 | RAM: 294.74 MB | CPU
           Filas -> Cap: 0/200 (Drops: 0) | YOLO: 0/5 (Drops: 0)
           Estado: IDLE (Detecções ativas: 0)
           Restarts: Cap(0), YOLO(0), Rec(0)
2026-08-26 16:36:12 [INFO] 
[Métricas] RTSP: OFF | Câmera FPS: 25.0 | RAM: 294.74 MB | CPU
           Filas -> Cap: 0/200 (Drops: 0) | YOLO: 0/5 (Drops: 0)
           Estado: IDLE (Detecções ativas: 0)
           Restarts: Cap(0), YOLO(0), Rec(0)
2026-08-26 16:36:22 [INFO] 
[Métricas] RTSP: OFF | Câmera FPS: 25.0 | RAM: 294.74 MB | CPU
           Filas -> Cap: 0/200 (Drops: 0) | YOLO: 0/5 (Drops: 0)
           Estado: IDLE (Detecções ativas: 0)
           Restarts: Cap(0), YOLO(0), Rec(0)
2026-08-26 16:36:32 [INFO] 
[Métricas] RTSP: OFF | Câmera FPS: 25.0 | RAM: 294.74 MB | CPU
           Filas -> Cap: 0/200 (Drops: 0) | YOLO: 0/5 (Drops: 0)
           Estado: IDLE (Detecções ativas: 0)
           Restarts: Cap(0), YOLO(0), Rec(0)
2026-08-26 16:36:42 [INFO] 
[Métricas] RTSP: OFF | Câmera FPS: 25.0 | RAM: 294.74 MB | CPU
           Filas -> Cap: 0/200 (Drops: 0) | YOLO: 0/5 (Drops: 0)
           Estado: IDLE (Detecções ativas: 0)
           Restarts: Cap(0), YOLO(0), Rec(0)
2026-08-26 16:36:52 [INFO] 
[Métricas] RTSP: OFF | Câmera FPS: 25.0 | RAM: 294.74 MB | CPU
           Filas -> Cap: 0/200 (Drops: 0) | YOLO: 0/5 (Drops: 0)
           Estado: IDLE (Detecções ativas: 0)
           Restarts: Cap(0), YOLO(0), Rec(0)
2026-08-26 16:37:02 [INFO] 
[Métricas] RTSP: OFF | Câmera FPS: 25.0 | RAM: 294.74 MB | CPU
           Filas -> Cap: 0/200 (Drops: 0) | YOLO: 0/5 (Drops: 0)
           Estado: IDLE (Detecções ativas: 0)
           Restarts: Cap(0), YOLO(0), Rec(0)
2026-08-26 16:37:12 [INFO] 
[Métricas] RTSP: OFF | Câmera FPS: 25.0 | RAM: 294.74 MB | CPU
           Filas -> Cap: 0/200 (Drops: 0) | YOLO: 0/5 (Drops: 0)
           Estado: IDLE (Detecções ativas: 0)
           Restarts: Cap(0), YOLO(0), Rec(0)
2026-08-26 16:37:22 [INFO] 
[Métricas] RTSP: OFF | Câmera FPS: 25.0 | RAM: 294.74 MB | CPU
           Filas -> Cap: 0/200 (Drops: 0) | YOLO: 0/5 (Drops: 0)
           Estado: IDLE (Detecções ativas: 0)
           Restarts: Cap(0), YOLO(0), Rec(0)
2026-08-26 16:37:32 [INFO] 
[Métricas] RTSP: OFF | Câmera FPS: 25.0 | RAM: 294.74 MB | CPU
           Filas -> Cap: 0/200 (Drops: 0) | YOLO: 0/5 (Drops: 0)
           Estado: IDLE (Detecções ativas: 0)
           Restarts: Cap(0), YOLO(0), Rec(0)
2026-08-26 16:37:42 [INFO] 
[Métricas] RTSP: OFF | Câmera FPS: 25.0 | RAM: 294.74 MB | CPU
           Filas -> Cap: 0/200 (Drops: 0) | YOLO: 0/5 (Drops: 0)
           Estado: IDLE (Detecções ativas: 0)
           Restarts: Cap(0), YOLO(0), Rec(0)
2026-08-26 16:37:52 [INFO] 
[Métricas] RTSP: OFF | Câmera FPS: 25.0 | RAM: 294.74 MB | CPU
           Filas -> Cap: 0/200 (Drops: 0) | YOLO: 0/5 (Drops: 0)
           Estado: IDLE (Detecções ativas: 0)
           Restarts: Cap(0), YOLO(0), Rec(0)
2026-08-26 16:38:02 [INFO] 
[Métricas] RTSP: OFF | Câmera FPS: 25.0 | RAM: 294.74 MB | CPU
           Filas -> Cap: 0/200 (Drops: 0) | YOLO: 0/5 (Drops: 0)
           Estado: IDLE (Detecções ativas: 0)
           Restarts: Cap(0), YOLO(0), Rec(0)
2026-08-26 16:38:12 [INFO] 
[Métricas] RTSP: OFF | Câmera FPS: 25.0 | RAM: 294.77 MB | CPU
           Filas -> Cap: 0/200 (Drops: 0) | YOLO: 0/5 (Drops: 0)
           Estado: IDLE (Detecções ativas: 0)
           Restarts: Cap(0), YOLO(0), Rec(0)
2026-08-26 16:38:22 [INFO] 
[Métricas] RTSP: OFF | Câmera FPS: 25.0 | RAM: 294.77 MB | CPU
           Filas -> Cap: 0/200 (Drops: 0) | YOLO: 0/5 (Drops: 0)
           Estado: IDLE (Detecções ativas: 0)
           Restarts: Cap(0), YOLO(0), Rec(0)
2026-08-26 16:38:32 [INFO] 
[Métricas] RTSP: OFF | Câmera FPS: 25.0 | RAM: 294.77 MB | CPU
           Filas -> Cap: 0/200 (Drops: 0) | YOLO: 0/5 (Drops: 0)
           Estado: IDLE (Detecções ativas: 0)
           Restarts: Cap(0), YOLO(0), Rec(0)
2026-08-26 16:38:42 [INFO] 
[Métricas] RTSP: OFF | Câmera FPS: 25.0 | RAM: 294.77 MB | CPU
           Filas -> Cap: 0/200 (Drops: 0) | YOLO: 0/5 (Drops: 0)
           Estado: IDLE (Detecções ativas: 0)
           Restarts: Cap(0), YOLO(0), Rec(0)
2026-08-26 16:38:52 [INFO] 
[Métricas] RTSP: OFF | Câmera FPS: 25.0 | RAM: 294.77 MB | CPU
           Filas -> Cap: 0/200 (Drops: 0) | YOLO: 0/5 (Drops: 0)
           Estado: IDLE (Detecções ativas: 0)
           Restarts: Cap(0), YOLO(0), Rec(0)
2026-08-26 16:39:02 [INFO] 
[Métricas] RTSP: OFF | Câmera FPS: 25.0 | RAM: 294.77 MB | CPU
           Filas -> Cap: 0/200 (Drops: 0) | YOLO: 0/5 (Drops: 0)
           Estado: IDLE (Detecções ativas: 0)
           Restarts: Cap(0), YOLO(0), Rec(0)
2026-08-26 16:39:12 [INFO] 
[Métricas] RTSP: OFF | Câmera FPS: 25.0 | RAM: 294.77 MB | CPU
           Filas -> Cap: 0/200 (Drops: 0) | YOLO: 0/5 (Drops: 0)
           Estado: IDLE (Detecções ativas: 0)
           Restarts: Cap(0), YOLO(0), Rec(0)
2026-08-26 16:39:22 [INFO] 
[Métricas] RTSP: OFF | Câmera FPS: 25.0 | RAM: 294.75 MB | CPU
           Filas -> Cap: 0/200 (Drops: 0) | YOLO: 0/5 (Drops: 0)
           Estado: IDLE (Detecções ativas: 0)
           Restarts: Cap(0), YOLO(0), Rec(0)
2026-08-26 16:39:32 [INFO] 
[Métricas] RTSP: OFF | Câmera FPS: 25.0 | RAM: 294.75 MB | CPU
           Filas -> Cap: 0/200 (Drops: 0) | YOLO: 0/5 (Drops: 0)
           Estado: IDLE (Detecções ativas: 0)
           Restarts: Cap(0), YOLO(0), Rec(0)
2026-08-26 16:39:42 [INFO] 
[Métricas] RTSP: OFF | Câmera FPS: 25.0 | RAM: 294.75 MB | CPU
           Filas -> Cap: 0/200 (Drops: 0) | YOLO: 0/5 (Drops: 0)
           Estado: IDLE (Detecções ativas: 0)
           Restarts: Cap(0), YOLO(0), Rec(0)
2026-08-26 16:39:52 [INFO] 
[Métricas] RTSP: OFF | Câmera FPS: 25.0 | RAM: 294.75 MB | CPU
           Filas -> Cap: 0/200 (Drops: 0) | YOLO: 0/5 (Drops: 0)
           Estado: IDLE (Detecções ativas: 0)
           Restarts: Cap(0), YOLO(0), Rec(0)
2026-08-26 16:40:02 [INFO] 
[Métricas] RTSP: OFF | Câmera FPS: 25.0 | RAM: 294.75 MB | CPU
           Filas -> Cap: 0/200 (Drops: 0) | YOLO: 0/5 (Drops: 0)
           Estado: IDLE (Detecções ativas: 0)
           Restarts: Cap(0), YOLO(0), Rec(0)
2026-08-26 16:40:12 [INFO] 
[Métricas] RTSP: OFF | Câmera FPS: 25.0 | RAM: 294.75 MB | CPU
           Filas -> Cap: 0/200 (Drops: 0) | YOLO: 0/5 (Drops: 0)
           Estado: IDLE (Detecções ativas: 0)
           Restarts: Cap(0), YOLO(0), Rec(0)
2026-08-26 16:40:22 [INFO] 
[Métricas] RTSP: OFF | Câmera FPS: 25.0 | RAM: 294.75 MB | CPU
           Filas -> Cap: 0/200 (Drops: 0) | YOLO: 0/5 (Drops: 0)
           Estado: IDLE (Detecções ativas: 0)
           Restarts: Cap(0), YOLO(0), Rec(0)
2026-08-26 16:40:32 [INFO] 
[Métricas] RTSP: OFF | Câmera FPS: 25.0 | RAM: 294.75 MB | CPU
           Filas -> Cap: 0/200 (Drops: 0) | YOLO: 0/5 (Drops: 0)
           Estado: IDLE (Detecções ativas: 0)
           Restarts: Cap(0), YOLO(0), Rec(0)
2026-08-26 16:40:42 [INFO] 
[Métricas] RTSP: OFF | Câmera FPS: 25.0 | RAM: 294.75 MB | CPU
           Filas -> Cap: 0/200 (Drops: 0) | YOLO: 0/5 (Drops: 0)
           Estado: IDLE (Detecções ativas: 0)
           Restarts: Cap(0), YOLO(0), Rec(0)
2026-08-26 16:40:52 [INFO] 
[Métricas] RTSP: OFF | Câmera FPS: 25.0 | RAM: 294.75 MB | CPU
           Filas -> Cap: 0/200 (Drops: 0) | YOLO: 0/5 (Drops: 0)
           Estado: IDLE (Detecções ativas: 0)
           Restarts: Cap(0), YOLO(0), Rec(0)
2026-08-26 16:41:02 [INFO] 
[Métricas] RTSP: OFF | Câmera FPS: 25.0 | RAM: 294.75 MB | CPU
           Filas -> Cap: 0/200 (Drops: 0) | YOLO: 0/5 (Drops: 0)
           Estado: IDLE (Detecções ativas: 0)
           Restarts: Cap(0), YOLO(0), Rec(0)
2026-08-26 16:41:12 [INFO] 
[Métricas] RTSP: OFF | Câmera FPS: 25.0 | RAM: 294.75 MB | CPU
           Filas -> Cap: 0/200 (Drops: 0) | YOLO: 0/5 (Drops: 0)
           Estado: IDLE (Detecções ativas: 0)
           Restarts: Cap(0), YOLO(0), Rec(0)
2026-08-26 16:41:22 [INFO] 
[Métricas] RTSP: OFF | Câmera FPS: 25.0 | RAM: 294.75 MB | CPU
           Filas -> Cap: 0/200 (Drops: 0) | YOLO: 0/5 (Drops: 0)
           Estado: IDLE (Detecções ativas: 0)
           Restarts: Cap(0), YOLO(0), Rec(0)
2026-08-26 16:41:32 [INFO] 
[Métricas] RTSP: OFF | Câmera FPS: 25.0 | RAM: 294.75 MB | CPU
           Filas -> Cap: 0/200 (Drops: 0) | YOLO: 0/5 (Drops: 0)
           Estado: IDLE (Detecções ativas: 0)
           Restarts: Cap(0), YOLO(0), Rec(0)
2026-08-26 16:41:42 [INFO] 
[Métricas] RTSP: OFF | Câmera FPS: 25.0 | RAM: 294.75 MB | CPU
           Filas -> Cap: 0/200 (Drops: 0) | YOLO: 0/5 (Drops: 0)
           Estado: IDLE (Detecções ativas: 0)
           Restarts: Cap(0), YOLO(0), Rec(0)
2026-08-26 16:41:52 [INFO] 
[Métricas] RTSP: OFF | Câmera FPS: 25.0 | RAM: 294.75 MB | CPU
           Filas -> Cap: 0/200 (Drops: 0) | YOLO: 0/5 (Drops: 0)
           Estado: IDLE (Detecções ativas: 0)
           Restarts: Cap(0), YOLO(0), Rec(0)
2026-08-26 16:42:02 [INFO] 
[Métricas] RTSP: OFF | Câmera FPS: 25.0 | RAM: 294.75 MB | CPU
           Filas -> Cap: 0/200 (Drops: 0) | YOLO: 0/5 (Drops: 0)
           Estado: IDLE (Detecções ativas: 0)
           Restarts: Cap(0), YOLO(0), Rec(0)
2026-08-26 16:42:12 [INFO] 
[Métricas] RTSP: OFF | Câmera FPS: 25.0 | RAM: 294.75 MB | CPU
           Filas -> Cap: 0/200 (Drops: 0) | YOLO: 0/5 (Drops: 0)
           Estado: IDLE (Detecções ativas: 0)
           Restarts: Cap(0), YOLO(0), Rec(0)
2026-08-26 16:42:22 [INFO] 
[Métricas] RTSP: OFF | Câmera FPS: 25.0 | RAM: 294.75 MB | CPU
           Filas -> Cap: 0/200 (Drops: 0) | YOLO: 0/5 (Drops: 0)
           Estado: IDLE (Detecções ativas: 0)
           Restarts: Cap(0), YOLO(0), Rec(0)
2026-08-26 16:42:32 [INFO] 
[Métricas] RTSP: OFF | Câmera FPS: 25.0 | RAM: 294.75 MB | CPU
           Filas -> Cap: 0/200 (Drops: 0) | YOLO: 0/5 (Drops: 0)
           Estado: IDLE (Detecções ativas: 0)
           Restarts: Cap(0), YOLO(0), Rec(0)
2026-08-26 16:42:42 [INFO] 
[Métricas] RTSP: OFF | Câmera FPS: 25.0 | RAM: 294.75 MB | CPU
           Filas -> Cap: 0/200 (Drops: 0) | YOLO: 0/5 (Drops: 0)
           Estado: IDLE (Detecções ativas: 0)
           Restarts: Cap(0), YOLO(0), Rec(0)
2026-08-26 16:42:52 [INFO] 
[Métricas] RTSP: OFF | Câmera FPS: 25.0 | RAM: 294.75 MB | CPU
           Filas -> Cap: 0/200 (Drops: 0) | YOLO: 0/5 (Drops: 0)
           Estado: IDLE (Detecções ativas: 0)
           Restarts: Cap(0), YOLO(0), Rec(0)
2026-08-26 16:43:02 [INFO] 
[Métricas] RTSP: OFF | Câmera FPS: 25.0 | RAM: 294.75 MB | CPU
           Filas -> Cap: 0/200 (Drops: 0) | YOLO: 0/5 (Drops: 0)
           Estado: IDLE (Detecções ativas: 0)
           Restarts: Cap(0), YOLO(0), Rec(0)
2026-08-26 16:43:12 [INFO] 
[Métricas] RTSP: OFF | Câmera FPS: 25.0 | RAM: 294.75 MB | CPU
           Filas -> Cap: 0/200 (Drops: 0) | YOLO: 0/5 (Drops: 0)
           Estado: IDLE (Detecções ativas: 0)
           Restarts: Cap(0), YOLO(0), Rec(0)
2026-08-26 16:43:22 [INFO] 
[Métricas] RTSP: OFF | Câmera FPS: 25.0 | RAM: 294.75 MB | CPU
           Filas -> Cap: 0/200 (Drops: 0) | YOLO: 0/5 (Drops: 0)
           Estado: IDLE (Detecções ativas: 0)
           Restarts: Cap(0), YOLO(0), Rec(0)
2026-08-26 16:43:32 [INFO] 
[Métricas] RTSP: OFF | Câmera FPS: 25.0 | RAM: 294.75 MB | CPU
           Filas -> Cap: 0/200 (Drops: 0) | YOLO: 0/5 (Drops: 0)
           Estado: IDLE (Detecções ativas: 0)
           Restarts: Cap(0), YOLO(0), Rec(0)
2026-08-26 16:43:42 [INFO] 
[Métricas] RTSP: OFF | Câmera FPS: 25.0 | RAM: 294.75 MB | CPU
           Filas -> Cap: 0/200 (Drops: 0) | YOLO: 0/5 (Drops: 0)
           Estado: IDLE (Detecções ativas: 0)
           Restarts: Cap(0), YOLO(0), Rec(0)
2026-08-26 16:43:52 [INFO] 
[Métricas] RTSP: OFF | Câmera FPS: 25.0 | RAM: 294.75 MB | CPU
           Filas -> Cap: 0/200 (Drops: 0) | YOLO: 0/5 (Drops: 0)
           Estado: IDLE (Detecções ativas: 0)
           Restarts: Cap(0), YOLO(0), Rec(0)
2026-08-26 16:44:02 [INFO] 
[Métricas] RTSP: OFF | Câmera FPS: 25.0 | RAM: 294.75 MB | CPU
           Filas -> Cap: 0/200 (Drops: 0) | YOLO: 0/5 (Drops: 0)
           Estado: IDLE (Detecções ativas: 0)
           Restarts: Cap(0), YOLO(0), Rec(0)
2026-08-26 16:44:12 [INFO] 
[Métricas] RTSP: OFF | Câmera FPS: 25.0 | RAM: 294.75 MB | CPU
           Filas -> Cap: 0/200 (Drops: 0) | YOLO: 0/5 (Drops: 0)
           Estado: IDLE (Detecções ativas: 0)
           Restarts: Cap(0), YOLO(0), Rec(0)
2026-08-26 16:44:22 [INFO] 
[Métricas] RTSP: OFF | Câmera FPS: 25.0 | RAM: 294.75 MB | CPU
           Filas -> Cap: 0/200 (Drops: 0) | YOLO: 0/5 (Drops: 0)
           Estado: IDLE (Detecções ativas: 0)
           Restarts: Cap(0), YOLO(0), Rec(0)
2026-08-26 16:44:32 [INFO] 
[Métricas] RTSP: OFF | Câmera FPS: 25.0 | RAM: 294.75 MB | CPU
           Filas -> Cap: 0/200 (Drops: 0) | YOLO: 0/5 (Drops: 0)
           Estado: IDLE (Detecções ativas: 0)
           Restarts: Cap(0), YOLO(0), Rec(0)
2026-08-26 16:44:42 [INFO] 
[Métricas] RTSP: OFF | Câmera FPS: 25.0 | RAM: 294.75 MB | CPU
           Filas -> Cap: 0/200 (Drops: 0) | YOLO: 0/5 (Drops: 0)
           Estado: IDLE (Detecções ativas: 0)
           Restarts: Cap(0), YOLO(0), Rec(0)
2026-08-26 16:44:52 [INFO] 
[Métricas] RTSP: OFF | Câmera FPS: 25.0 | RAM: 294.75 MB | CPU
           Filas -> Cap: 0/200 (Drops: 0) | YOLO: 0/5 (Drops: 0)
           Estado: IDLE (Detecções ativas: 0)
           Restarts: Cap(0), YOLO(0), Rec(0)
2026-08-26 16:45:02 [INFO] 
[Métricas] RTSP: OFF | Câmera FPS: 25.0 | RAM: 294.75 MB | CPU
           Filas -> Cap: 0/200 (Drops: 0) | YOLO: 0/5 (Drops: 0)
           Estado: IDLE (Detecções ativas: 0)
           Restarts: Cap(0), YOLO(0), Rec(0)
2026-08-26 16:45:12 [INFO] 
[Métricas] RTSP: OFF | Câmera FPS: 25.0 | RAM: 294.75 MB | CPU
           Filas -> Cap: 0/200 (Drops: 0) | YOLO: 0/5 (Drops: 0)
           Estado: IDLE (Detecções ativas: 0)
           Restarts: Cap(0), YOLO(0), Rec(0)
2026-08-26 16:45:22 [INFO] 
[Métricas] RTSP: OFF | Câmera FPS: 25.0 | RAM: 294.75 MB | CPU
           Filas -> Cap: 0/200 (Drops: 0) | YOLO: 0/5 (Drops: 0)
           Estado: IDLE (Detecções ativas: 0)
           Restarts: Cap(0), YOLO(0), Rec(0)
2026-08-26 16:45:32 [INFO] 
[Métricas] RTSP: OFF | Câmera FPS: 25.0 | RAM: 294.75 MB | CPU
           Filas -> Cap: 0/200 (Drops: 0) | YOLO: 0/5 (Drops: 0)
           Estado: IDLE (Detecções ativas: 0)
           Restarts: Cap(0), YOLO(0), Rec(0)
2026-08-26 16:45:42 [INFO] 
[Métricas] RTSP: OFF | Câmera FPS: 25.0 | RAM: 294.75 MB | CPU
           Filas -> Cap: 0/200 (Drops: 0) | YOLO: 0/5 (Drops: 0)
           Estado: IDLE (Detecções ativas: 0)
           Restarts: Cap(0), YOLO(0), Rec(0)
2026-08-26 16:45:52 [INFO] 
[Métricas] RTSP: OFF | Câmera FPS: 25.0 | RAM: 294.75 MB | CPU
           Filas -> Cap: 0/200 (Drops: 0) | YOLO: 0/5 (Drops: 0)
           Estado: IDLE (Detecções ativas: 0)
           Restarts: Cap(0), YOLO(0), Rec(0)
2026-08-26 16:46:02 [INFO] 
[Métricas] RTSP: OFF | Câmera FPS: 25.0 | RAM: 294.75 MB | CPU
           Filas -> Cap: 0/200 (Drops: 0) | YOLO: 0/5 (Drops: 0)
           Estado: IDLE (Detecções ativas: 0)
           Restarts: Cap(0), YOLO(0), Rec(0)
2026-08-26 16:46:12 [INFO] 
[Métricas] RTSP: OFF | Câmera FPS: 25.0 | RAM: 294.75 MB | CPU
           Filas -> Cap: 0/200 (Drops: 0) | YOLO: 0/5 (Drops: 0)
           Estado: IDLE (Detecções ativas: 0)
           Restarts: Cap(0), YOLO(0), Rec(0)
2026-08-26 16:46:22 [INFO] 
[Métricas] RTSP: OFF | Câmera FPS: 25.0 | RAM: 294.75 MB | CPU
           Filas -> Cap: 0/200 (Drops: 0) | YOLO: 0/5 (Drops: 0)
           Estado: IDLE (Detecções ativas: 0)
           Restarts: Cap(0), YOLO(0), Rec(0)
2026-08-26 16:46:32 [INFO] 
[Métricas] RTSP: OFF | Câmera FPS: 25.0 | RAM: 294.75 MB | CPU
           Filas -> Cap: 0/200 (Drops: 0) | YOLO: 0/5 (Drops: 0)
           Estado: IDLE (Detecções ativas: 0)
           Restarts: Cap(0), YOLO(0), Rec(0)
2026-08-26 16:46:42 [INFO] 
[Métricas] RTSP: OFF | Câmera FPS: 25.0 | RAM: 291.89 MB | CPU
           Filas -> Cap: 0/200 (Drops: 0) | YOLO: 0/5 (Drops: 0)
           Estado: IDLE (Detecções ativas: 0)
           Restarts: Cap(0), YOLO(0), Rec(0)
2026-08-26 16:46:52 [INFO] 
[Métricas] RTSP: OFF | Câmera FPS: 25.0 | RAM: 291.90 MB | CPU
           Filas -> Cap: 0/200 (Drops: 0) | YOLO: 0/5 (Drops: 0)
           Estado: IDLE (Detecções ativas: 0)
           Restarts: Cap(0), YOLO(0), Rec(0)
2026-08-26 16:47:02 [INFO] 
[Métricas] RTSP: OFF | Câmera FPS: 25.0 | RAM: 291.91 MB | CPU
           Filas -> Cap: 0/200 (Drops: 0) | YOLO: 0/5 (Drops: 0)
           Estado: IDLE (Detecções ativas: 0)
           Restarts: Cap(0), YOLO(0), Rec(0)
2026-08-26 16:47:12 [INFO] 
[Métricas] RTSP: OFF | Câmera FPS: 25.0 | RAM: 291.91 MB | CPU
           Filas -> Cap: 0/200 (Drops: 0) | YOLO: 0/5 (Drops: 0)
           Estado: IDLE (Detecções ativas: 0)
           Restarts: Cap(0), YOLO(0), Rec(0)
2026-08-26 16:47:22 [INFO] 
[Métricas] RTSP: OFF | Câmera FPS: 25.0 | RAM: 291.91 MB | CPU
           Filas -> Cap: 0/200 (Drops: 0) | YOLO: 0/5 (Drops: 0)
           Estado: IDLE (Detecções ativas: 0)
           Restarts: Cap(0), YOLO(0), Rec(0)
2026-08-26 16:47:32 [INFO] 
[Métricas] RTSP: OFF | Câmera FPS: 25.0 | RAM: 291.91 MB | CPU
           Filas -> Cap: 0/200 (Drops: 0) | YOLO: 0/5 (Drops: 0)
           Estado: IDLE (Detecções ativas: 0)
           Restarts: Cap(0), YOLO(0), Rec(0)
2026-08-26 16:47:42 [INFO] 
[Métricas] RTSP: OFF | Câmera FPS: 25.0 | RAM: 291.91 MB | CPU
           Filas -> Cap: 0/200 (Drops: 0) | YOLO: 0/5 (Drops: 0)
           Estado: IDLE (Detecções ativas: 0)
           Restarts: Cap(0), YOLO(0), Rec(0)
2026-08-26 16:47:52 [INFO] 
[Métricas] RTSP: OFF | Câmera FPS: 25.0 | RAM: 291.91 MB | CPU
           Filas -> Cap: 0/200 (Drops: 0) | YOLO: 0/5 (Drops: 0)
           Estado: IDLE (Detecções ativas: 0)
           Restarts: Cap(0), YOLO(0), Rec(0)
2026-08-26 16:48:02 [INFO] 
[Métricas] RTSP: OFF | Câmera FPS: 25.0 | RAM: 291.91 MB | CPU
           Filas -> Cap: 0/200 (Drops: 0) | YOLO: 0/5 (Drops: 0)
           Estado: IDLE (Detecções ativas: 0)
           Restarts: Cap(0), YOLO(0), Rec(0)
2026-08-26 16:48:12 [INFO] 
[Métricas] RTSP: OFF | Câmera FPS: 25.0 | RAM: 291.91 MB | CPU
           Filas -> Cap: 0/200 (Drops: 0) | YOLO: 0/5 (Drops: 0)
           Estado: IDLE (Detecções ativas: 0)
           Restarts: Cap(0), YOLO(0), Rec(0)
2026-08-26 16:48:22 [INFO] 
[Métricas] RTSP: OFF | Câmera FPS: 25.0 | RAM: 291.91 MB | CPU
           Filas -> Cap: 0/200 (Drops: 0) | YOLO: 0/5 (Drops: 0)
           Estado: IDLE (Detecções ativas: 0)
           Restarts: Cap(0), YOLO(0), Rec(0)
2026-08-26 16:48:32 [INFO] 
[Métricas] RTSP: OFF | Câmera FPS: 25.0 | RAM: 291.91 MB | CPU
           Filas -> Cap: 0/200 (Drops: 0) | YOLO: 0/5 (Drops: 0)
           Estado: IDLE (Detecções ativas: 0)
           Restarts: Cap(0), YOLO(0), Rec(0)
2026-08-26 16:48:42 [INFO] 
[Métricas] RTSP: OFF | Câmera FPS: 25.0 | RAM: 291.91 MB | CPU
           Filas -> Cap: 0/200 (Drops: 0) | YOLO: 0/5 (Drops: 0)
           Estado: IDLE (Detecções ativas: 0)
           Restarts: Cap(0), YOLO(0), Rec(0)
2026-08-26 16:48:52 [INFO] 
[Métricas] RTSP: OFF | Câmera FPS: 25.0 | RAM: 291.91 MB | CPU
           Filas -> Cap: 0/200 (Drops: 0) | YOLO: 0/5 (Drops: 0)
           Estado: IDLE (Detecções ativas: 0)
           Restarts: Cap(0), YOLO(0), Rec(0)
2026-08-26 16:49:02 [INFO] 
[Métricas] RTSP: OFF | Câmera FPS: 25.0 | RAM: 291.91 MB | CPU
           Filas -> Cap: 0/200 (Drops: 0) | YOLO: 0/5 (Drops: 0)
           Estado: IDLE (Detecções ativas: 0)
           Restarts: Cap(0), YOLO(0), Rec(0)
2026-08-26 16:49:12 [INFO] 
[Métricas] RTSP: OFF | Câmera FPS: 25.0 | RAM: 291.91 MB | CPU
           Filas -> Cap: 0/200 (Drops: 0) | YOLO: 0/5 (Drops: 0)
           Estado: IDLE (Detecções ativas: 0)
           Restarts: Cap(0), YOLO(0), Rec(0)
2026-08-26 16:49:22 [INFO] 
[Métricas] RTSP: OFF | Câmera FPS: 25.0 | RAM: 291.91 MB | CPU
           Filas -> Cap: 0/200 (Drops: 0) | YOLO: 0/5 (Drops: 0)
           Estado: IDLE (Detecções ativas: 0)
           Restarts: Cap(0), YOLO(0), Rec(0)
2026-08-26 16:49:32 [INFO] 
[Métricas] RTSP: OFF | Câmera FPS: 25.0 | RAM: 291.91 MB | CPU
           Filas -> Cap: 0/200 (Drops: 0) | YOLO: 0/5 (Drops: 0)
           Estado: IDLE (Detecções ativas: 0)
           Restarts: Cap(0), YOLO(0), Rec(0)
2026-08-26 16:49:42 [INFO] 
[Métricas] RTSP: OFF | Câmera FPS: 25.0 | RAM: 291.91 MB | CPU
           Filas -> Cap: 0/200 (Drops: 0) | YOLO: 0/5 (Drops: 0)
           Estado: IDLE (Detecções ativas: 0)
           Restarts: Cap(0), YOLO(0), Rec(0)
2026-08-26 16:49:52 [INFO] 
[Métricas] RTSP: OFF | Câmera FPS: 25.0 | RAM: 291.91 MB | CPU
           Filas -> Cap: 0/200 (Drops: 0) | YOLO: 0/5 (Drops: 0)
           Estado: IDLE (Detecções ativas: 0)
           Restarts: Cap(0), YOLO(0), Rec(0)
2026-08-26 16:50:02 [INFO] 
[Métricas] RTSP: OFF | Câmera FPS: 25.0 | RAM: 291.91 MB | CPU
           Filas -> Cap: 0/200 (Drops: 0) | YOLO: 0/5 (Drops: 0)
           Estado: IDLE (Detecções ativas: 0)
           Restarts: Cap(0), YOLO(0), Rec(0)
2026-08-26 16:50:12 [INFO] 
[Métricas] RTSP: OFF | Câmera FPS: 25.0 | RAM: 291.91 MB | CPU
           Filas -> Cap: 0/200 (Drops: 0) | YOLO: 0/5 (Drops: 0)
           Estado: IDLE (Detecções ativas: 0)
           Restarts: Cap(0), YOLO(0), Rec(0)
2026-08-26 16:50:22 [INFO] 
[Métricas] RTSP: OFF | Câmera FPS: 25.0 | RAM: 291.91 MB | CPU
           Filas -> Cap: 0/200 (Drops: 0) | YOLO: 0/5 (Drops: 0)
           Estado: IDLE (Detecções ativas: 0)
           Restarts: Cap(0), YOLO(0), Rec(0)
2026-08-26 16:50:32 [INFO] 
[Métricas] RTSP: OFF | Câmera FPS: 25.0 | RAM: 291.91 MB | CPU
           Filas -> Cap: 0/200 (Drops: 0) | YOLO: 0/5 (Drops: 0)
           Estado: IDLE (Detecções ativas: 0)
           Restarts: Cap(0), YOLO(0), Rec(0)
2026-08-26 16:50:42 [INFO] 
[Métricas] RTSP: OFF | Câmera FPS: 25.0 | RAM: 291.91 MB | CPU
           Filas -> Cap: 0/200 (Drops: 0) | YOLO: 0/5 (Drops: 0)
           Estado: IDLE (Detecções ativas: 0)
           Restarts: Cap(0), YOLO(0), Rec(0)
2026-08-26 16:50:52 [INFO] 
[Métricas] RTSP: OFF | Câmera FPS: 25.0 | RAM: 291.91 MB | CPU
           Filas -> Cap: 0/200 (Drops: 0) | YOLO: 0/5 (Drops: 0)
           Estado: IDLE (Detecções ativas: 0)
           Restarts: Cap(0), YOLO(0), Rec(0)
2026-08-26 16:51:02 [INFO] 
[Métricas] RTSP: OFF | Câmera FPS: 25.0 | RAM: 291.91 MB | CPU
           Filas -> Cap: 0/200 (Drops: 0) | YOLO: 0/5 (Drops: 0)
           Estado: IDLE (Detecções ativas: 0)
           Restarts: Cap(0), YOLO(0), Rec(0)
2026-08-26 16:51:12 [INFO] 
[Métricas] RTSP: OFF | Câmera FPS: 25.0 | RAM: 291.91 MB | CPU
           Filas -> Cap: 0/200 (Drops: 0) | YOLO: 0/5 (Drops: 0)
           Estado: IDLE (Detecções ativas: 0)
           Restarts: Cap(0), YOLO(0), Rec(0)
2026-08-26 16:51:22 [INFO] 
[Métricas] RTSP: OFF | Câmera FPS: 25.0 | RAM: 291.91 MB | CPU
           Filas -> Cap: 0/200 (Drops: 0) | YOLO: 0/5 (Drops: 0)
           Estado: IDLE (Detecções ativas: 0)
           Restarts: Cap(0), YOLO(0), Rec(0)
2026-08-26 16:51:32 [INFO] 
[Métricas] RTSP: OFF | Câmera FPS: 25.0 | RAM: 291.91 MB | CPU
           Filas -> Cap: 0/200 (Drops: 0) | YOLO: 0/5 (Drops: 0)
           Estado: IDLE (Detecções ativas: 0)
           Restarts: Cap(0), YOLO(0), Rec(0)
2026-08-26 16:51:42 [INFO] 
[Métricas] RTSP: OFF | Câmera FPS: 25.0 | RAM: 291.91 MB | CPU
           Filas -> Cap: 0/200 (Drops: 0) | YOLO: 0/5 (Drops: 0)
           Estado: IDLE (Detecções ativas: 0)
           Restarts: Cap(0), YOLO(0), Rec(0)
2026-08-26 16:51:52 [INFO] 
[Métricas] RTSP: OFF | Câmera FPS: 25.0 | RAM: 291.91 MB | CPU
           Filas -> Cap: 0/200 (Drops: 0) | YOLO: 0/5 (Drops: 0)
           Estado: IDLE (Detecções ativas: 0)
           Restarts: Cap(0), YOLO(0), Rec(0)
2026-08-26 16:52:02 [INFO] 
[Métricas] RTSP: OFF | Câmera FPS: 25.0 | RAM: 291.91 MB | CPU
           Filas -> Cap: 0/200 (Drops: 0) | YOLO: 0/5 (Drops: 0)
           Estado: IDLE (Detecções ativas: 0)
           Restarts: Cap(0), YOLO(0), Rec(0)
2026-08-26 16:52:12 [INFO] 
[Métricas] RTSP: OFF | Câmera FPS: 25.0 | RAM: 291.91 MB | CPU
           Filas -> Cap: 0/200 (Drops: 0) | YOLO: 0/5 (Drops: 0)
           Estado: IDLE (Detecções ativas: 0)
           Restarts: Cap(0), YOLO(0), Rec(0)
2026-08-26 16:52:22 [INFO] 
[Métricas] RTSP: OFF | Câmera FPS: 25.0 | RAM: 291.91 MB | CPU
           Filas -> Cap: 0/200 (Drops: 0) | YOLO: 0/5 (Drops: 0)
           Estado: IDLE (Detecções ativas: 0)
           Restarts: Cap(0), YOLO(0), Rec(0)
2026-08-26 16:52:32 [INFO] 
[Métricas] RTSP: OFF | Câmera FPS: 25.0 | RAM: 291.91 MB | CPU
           Filas -> Cap: 0/200 (Drops: 0) | YOLO: 0/5 (Drops: 0)
           Estado: IDLE (Detecções ativas: 0)
           Restarts: Cap(0), YOLO(0), Rec(0)
2026-08-26 16:52:42 [INFO] 
[Métricas] RTSP: OFF | Câmera FPS: 25.0 | RAM: 291.91 MB | CPU
           Filas -> Cap: 0/200 (Drops: 0) | YOLO: 0/5 (Drops: 0)
           Estado: IDLE (Detecções ativas: 0)
           Restarts: Cap(0), YOLO(0), Rec(0)
2026-08-26 16:52:52 [INFO] 
[Métricas] RTSP: OFF | Câmera FPS: 25.0 | RAM: 291.91 MB | CPU
           Filas -> Cap: 0/200 (Drops: 0) | YOLO: 0/5 (Drops: 0)
           Estado: IDLE (Detecções ativas: 0)
           Restarts: Cap(0), YOLO(0), Rec(0)
2026-08-26 16:53:02 [INFO] 
[Métricas] RTSP: OFF | Câmera FPS: 25.0 | RAM: 291.91 MB | CPU
           Filas -> Cap: 0/200 (Drops: 0) | YOLO: 0/5 (Drops: 0)
           Estado: IDLE (Detecções ativas: 0)
           Restarts: Cap(0), YOLO(0), Rec(0)
2026-08-26 16:53:12 [INFO] 
[Métricas] RTSP: OFF | Câmera FPS: 25.0 | RAM: 291.91 MB | CPU
           Filas -> Cap: 0/200 (Drops: 0) | YOLO: 0/5 (Drops: 0)
           Estado: IDLE (Detecções ativas: 0)
           Restarts: Cap(0), YOLO(0), Rec(0)
2026-08-26 16:53:22 [INFO] 
[Métricas] RTSP: OFF | Câmera FPS: 25.0 | RAM: 291.91 MB | CPU
           Filas -> Cap: 0/200 (Drops: 0) | YOLO: 0/5 (Drops: 0)
           Estado: IDLE (Detecções ativas: 0)
           Restarts: Cap(0), YOLO(0), Rec(0)
2026-08-26 16:53:32 [INFO] 
[Métricas] RTSP: OFF | Câmera FPS: 25.0 | RAM: 291.91 MB | CPU
           Filas -> Cap: 0/200 (Drops: 0) | YOLO: 0/5 (Drops: 0)
           Estado: IDLE (Detecções ativas: 0)
           Restarts: Cap(0), YOLO(0), Rec(0)
2026-08-26 16:53:42 [INFO] 
[Métricas] RTSP: OFF | Câmera FPS: 25.0 | RAM: 291.91 MB | CPU
           Filas -> Cap: 0/200 (Drops: 0) | YOLO: 0/5 (Drops: 0)
           Estado: IDLE (Detecções ativas: 0)
           Restarts: Cap(0), YOLO(0), Rec(0)
2026-08-26 16:53:52 [INFO] 
[Métricas] RTSP: OFF | Câmera FPS: 25.0 | RAM: 291.91 MB | CPU
           Filas -> Cap: 0/200 (Drops: 0) | YOLO: 0/5 (Drops: 0)
           Estado: IDLE (Detecções ativas: 0)
           Restarts: Cap(0), YOLO(0), Rec(0)
2026-08-26 16:54:02 [INFO] 
[Métricas] RTSP: OFF | Câmera FPS: 25.0 | RAM: 291.91 MB | CPU
           Filas -> Cap: 0/200 (Drops: 0) | YOLO: 0/5 (Drops: 0)
           Estado: IDLE (Detecções ativas: 0)
           Restarts: Cap(0), YOLO(0), Rec(0)
2026-08-26 16:54:12 [INFO] 
[Métricas] RTSP: OFF | Câmera FPS: 25.0 | RAM: 291.91 MB | CPU
           Filas -> Cap: 0/200 (Drops: 0) | YOLO: 0/5 (Drops: 0)
           Estado: IDLE (Detecções ativas: 0)
           Restarts: Cap(0), YOLO(0), Rec(0)
2026-08-26 16:54:22 [INFO] 
[Métricas] RTSP: OFF | Câmera FPS: 25.0 | RAM: 291.91 MB | CPU
           Filas -> Cap: 0/200 (Drops: 0) | YOLO: 0/5 (Drops: 0)
           Estado: IDLE (Detecções ativas: 0)
           Restarts: Cap(0), YOLO(0), Rec(0)
2026-08-26 16:54:32 [INFO] 
[Métricas] RTSP: OFF | Câmera FPS: 25.0 | RAM: 291.91 MB | CPU
           Filas -> Cap: 0/200 (Drops: 0) | YOLO: 0/5 (Drops: 0)
           Estado: IDLE (Detecções ativas: 0)
           Restarts: Cap(0), YOLO(0), Rec(0)
2026-08-26 16:54:42 [INFO] 
[Métricas] RTSP: OFF | Câmera FPS: 25.0 | RAM: 291.91 MB | CPU
           Filas -> Cap: 0/200 (Drops: 0) | YOLO: 0/5 (Drops: 0)
           Estado: IDLE (Detecções ativas: 0)
           Restarts: Cap(0), YOLO(0), Rec(0)
2026-08-26 16:54:52 [INFO] 
[Métricas] RTSP: OFF | Câmera FPS: 25.0 | RAM: 291.91 MB | CPU
           Filas -> Cap: 0/200 (Drops: 0) | YOLO: 0/5 (Drops: 0)
           Estado: IDLE (Detecções ativas: 0)
           Restarts: Cap(0), YOLO(0), Rec(0)
2026-08-26 16:55:02 [INFO] 
[Métricas] RTSP: OFF | Câmera FPS: 25.0 | RAM: 291.91 MB | CPU
           Filas -> Cap: 0/200 (Drops: 0) | YOLO: 0/5 (Drops: 0)
           Estado: IDLE (Detecções ativas: 0)
           Restarts: Cap(0), YOLO(0), Rec(0)
2026-08-26 16:55:12 [INFO] 
[Métricas] RTSP: OFF | Câmera FPS: 25.0 | RAM: 291.91 MB | CPU
           Filas -> Cap: 0/200 (Drops: 0) | YOLO: 0/5 (Drops: 0)
           Estado: IDLE (Detecções ativas: 0)
           Restarts: Cap(0), YOLO(0), Rec(0)
2026-08-26 16:55:22 [INFO] 
[Métricas] RTSP: OFF | Câmera FPS: 25.0 | RAM: 291.91 MB | CPU
           Filas -> Cap: 0/200 (Drops: 0) | YOLO: 0/5 (Drops: 0)
           Estado: IDLE (Detecções ativas: 0)
           Restarts: Cap(0), YOLO(0), Rec(0)
2026-08-26 16:55:32 [INFO] 
[Métricas] RTSP: OFF | Câmera FPS: 25.0 | RAM: 291.91 MB | CPU
           Filas -> Cap: 0/200 (Drops: 0) | YOLO: 0/5 (Drops: 0)
           Estado: IDLE (Detecções ativas: 0)
           Restarts: Cap(0), YOLO(0), Rec(0)
2026-08-26 16:55:42 [INFO] 
[Métricas] RTSP: OFF | Câmera FPS: 25.0 | RAM: 291.91 MB | CPU
           Filas -> Cap: 0/200 (Drops: 0) | YOLO: 0/5 (Drops: 0)
           Estado: IDLE (Detecções ativas: 0)
           Restarts: Cap(0), YOLO(0), Rec(0)
2026-08-26 16:55:52 [INFO] 
[Métricas] RTSP: OFF | Câmera FPS: 25.0 | RAM: 291.91 MB | CPU
           Filas -> Cap: 0/200 (Drops: 0) | YOLO: 0/5 (Drops: 0)
           Estado: IDLE (Detecções ativas: 0)
           Restarts: Cap(0), YOLO(0), Rec(0)
2026-08-26 16:56:02 [INFO] 
[Métricas] RTSP: OFF | Câmera FPS: 25.0 | RAM: 291.91 MB | CPU
           Filas -> Cap: 0/200 (Drops: 0) | YOLO: 0/5 (Drops: 0)
           Estado: IDLE (Detecções ativas: 0)
           Restarts: Cap(0), YOLO(0), Rec(0)
2026-08-26 16:56:12 [INFO] 
[Métricas] RTSP: OFF | Câmera FPS: 25.0 | RAM: 291.91 MB | CPU
           Filas -> Cap: 0/200 (Drops: 0) | YOLO: 0/5 (Drops: 0)
           Estado: IDLE (Detecções ativas: 0)
           Restarts: Cap(0), YOLO(0), Rec(0)
2026-08-26 16:56:22 [INFO] 
[Métricas] RTSP: OFF | Câmera FPS: 25.0 | RAM: 291.91 MB | CPU
           Filas -> Cap: 0/200 (Drops: 0) | YOLO: 0/5 (Drops: 0)
           Estado: IDLE (Detecções ativas: 0)
           Restarts: Cap(0), YOLO(0), Rec(0)
2026-08-26 16:56:32 [INFO] 
[Métricas] RTSP: OFF | Câmera FPS: 25.0 | RAM: 291.91 MB | CPU
           Filas -> Cap: 0/200 (Drops: 0) | YOLO: 0/5 (Drops: 0)
           Estado: IDLE (Detecções ativas: 0)
           Restarts: Cap(0), YOLO(0), Rec(0)
2026-08-26 16:56:42 [INFO] 
[Métricas] RTSP: OFF | Câmera FPS: 25.0 | RAM: 291.91 MB | CPU
           Filas -> Cap: 0/200 (Drops: 0) | YOLO: 0/5 (Drops: 0)
           Estado: IDLE (Detecções ativas: 0)
           Restarts: Cap(0), YOLO(0), Rec(0)
2026-08-26 16:56:52 [INFO] 
[Métricas] RTSP: OFF | Câmera FPS: 25.0 | RAM: 291.91 MB | CPU
           Filas -> Cap: 0/200 (Drops: 0) | YOLO: 0/5 (Drops: 0)
           Estado: IDLE (Detecções ativas: 0)
           Restarts: Cap(0), YOLO(0), Rec(0)
2026-08-26 16:57:02 [INFO] 
[Métricas] RTSP: OFF | Câmera FPS: 25.0 | RAM: 291.91 MB | CPU
           Filas -> Cap: 0/200 (Drops: 0) | YOLO: 0/5 (Drops: 0)
           Estado: IDLE (Detecções ativas: 0)
           Restarts: Cap(0), YOLO(0), Rec(0)
2026-08-26 16:57:12 [INFO] 
[Métricas] RTSP: OFF | Câmera FPS: 25.0 | RAM: 291.91 MB | CPU
           Filas -> Cap: 0/200 (Drops: 0) | YOLO: 0/5 (Drops: 0)
           Estado: IDLE (Detecções ativas: 0)
           Restarts: Cap(0), YOLO(0), Rec(0)
2026-08-26 16:57:22 [INFO] 
[Métricas] RTSP: OFF | Câmera FPS: 25.0 | RAM: 291.91 MB | CPU
           Filas -> Cap: 0/200 (Drops: 0) | YOLO: 0/5 (Drops: 0)
           Estado: IDLE (Detecções ativas: 0)
           Restarts: Cap(0), YOLO(0), Rec(0)
2026-08-26 16:57:32 [INFO] 
[Métricas] RTSP: OFF | Câmera FPS: 25.0 | RAM: 291.91 MB | CPU
           Filas -> Cap: 0/200 (Drops: 0) | YOLO: 0/5 (Drops: 0)
           Estado: IDLE (Detecções ativas: 0)
           Restarts: Cap(0), YOLO(0), Rec(0)
2026-08-26 16:57:42 [INFO] 
[Métricas] RTSP: OFF | Câmera FPS: 25.0 | RAM: 291.91 MB | CPU
           Filas -> Cap: 0/200 (Drops: 0) | YOLO: 0/5 (Drops: 0)
           Estado: IDLE (Detecções ativas: 0)
           Restarts: Cap(0), YOLO(0), Rec(0)
2026-08-26 16:57:52 [INFO] 
[Métricas] RTSP: OFF | Câmera FPS: 25.0 | RAM: 291.91 MB | CPU
           Filas -> Cap: 0/200 (Drops: 0) | YOLO: 0/5 (Drops: 0)
           Estado: IDLE (Detecções ativas: 0)
           Restarts: Cap(0), YOLO(0), Rec(0)
2026-08-26 16:58:02 [INFO] 
[Métricas] RTSP: OFF | Câmera FPS: 25.0 | RAM: 291.91 MB | CPU
           Filas -> Cap: 0/200 (Drops: 0) | YOLO: 0/5 (Drops: 0)
           Estado: IDLE (Detecções ativas: 0)
           Restarts: Cap(0), YOLO(0), Rec(0)
2026-08-26 16:58:12 [INFO] 
[Métricas] RTSP: OFF | Câmera FPS: 25.0 | RAM: 291.91 MB | CPU
           Filas -> Cap: 0/200 (Drops: 0) | YOLO: 0/5 (Drops: 0)
           Estado: IDLE (Detecções ativas: 0)
           Restarts: Cap(0), YOLO(0), Rec(0)
2026-08-26 16:58:22 [INFO] 
[Métricas] RTSP: OFF | Câmera FPS: 25.0 | RAM: 291.91 MB | CPU
           Filas -> Cap: 0/200 (Drops: 0) | YOLO: 0/5 (Drops: 0)
           Estado: IDLE (Detecções ativas: 0)
           Restarts: Cap(0), YOLO(0), Rec(0)
2026-08-26 16:58:32 [INFO] 
[Métricas] RTSP: OFF | Câmera FPS: 25.0 | RAM: 291.91 MB | CPU
           Filas -> Cap: 0/200 (Drops: 0) | YOLO: 0/5 (Drops: 0)
           Estado: IDLE (Detecções ativas: 0)
           Restarts: Cap(0), YOLO(0), Rec(0)
2026-08-26 16:58:42 [INFO] 
[Métricas] RTSP: OFF | Câmera FPS: 25.0 | RAM: 291.91 MB | CPU
           Filas -> Cap: 0/200 (Drops: 0) | YOLO: 0/5 (Drops: 0)
           Estado: IDLE (Detecções ativas: 0)
           Restarts: Cap(0), YOLO(0), Rec(0)
2026-08-26 16:58:52 [INFO] 
[Métricas] RTSP: OFF | Câmera FPS: 25.0 | RAM: 291.91 MB | CPU
           Filas -> Cap: 0/200 (Drops: 0) | YOLO: 0/5 (Drops: 0)
           Estado: IDLE (Detecções ativas: 0)
           Restarts: Cap(0), YOLO(0), Rec(0)
2026-08-26 16:59:02 [INFO] 
[Métricas] RTSP: OFF | Câmera FPS: 25.0 | RAM: 291.91 MB | CPU
           Filas -> Cap: 0/200 (Drops: 0) | YOLO: 0/5 (Drops: 0)
           Estado: IDLE (Detecções ativas: 0)
           Restarts: Cap(0), YOLO(0), Rec(0)
2026-08-26 16:59:12 [INFO] 
[Métricas] RTSP: OFF | Câmera FPS: 25.0 | RAM: 291.91 MB | CPU
           Filas -> Cap: 0/200 (Drops: 0) | YOLO: 0/5 (Drops: 0)
           Estado: IDLE (Detecções ativas: 0)
           Restarts: Cap(0), YOLO(0), Rec(0)
2026-08-26 16:59:22 [INFO] 
[Métricas] RTSP: OFF | Câmera FPS: 25.0 | RAM: 291.91 MB | CPU
           Filas -> Cap: 0/200 (Drops: 0) | YOLO: 0/5 (Drops: 0)
           Estado: IDLE (Detecções ativas: 0)
           Restarts: Cap(0), YOLO(0), Rec(0)
2026-08-26 16:59:32 [INFO] 
[Métricas] RTSP: OFF | Câmera FPS: 25.0 | RAM: 291.91 MB | CPU
           Filas -> Cap: 0/200 (Drops: 0) | YOLO: 0/5 (Drops: 0)
           Estado: IDLE (Detecções ativas: 0)
           Restarts: Cap(0), YOLO(0), Rec(0)
2026-08-26 16:59:42 [INFO] 
[Métricas] RTSP: OFF | Câmera FPS: 25.0 | RAM: 291.91 MB | CPU
           Filas -> Cap: 0/200 (Drops: 0) | YOLO: 0/5 (Drops: 0)
           Estado: IDLE (Detecções ativas: 0)
           Restarts: Cap(0), YOLO(0), Rec(0)
2026-08-26 16:59:52 [INFO] 
[Métricas] RTSP: OFF | Câmera FPS: 25.0 | RAM: 291.91 MB | CPU
           Filas -> Cap: 0/200 (Drops: 0) | YOLO: 0/5 (Drops: 0)
           Estado: IDLE (Detecções ativas: 0)
           Restarts: Cap(0), YOLO(0), Rec(0)
2026-08-26 17:00:02 [INFO] 
[Métricas] RTSP: OFF | Câmera FPS: 25.0 | RAM: 291.91 MB | CPU
           Filas -> Cap: 0/200 (Drops: 0) | YOLO: 0/5 (Drops: 0)
           Estado: IDLE (Detecções ativas: 0)
           Restarts: Cap(0), YOLO(0), Rec(0)
2026-08-26 17:00:12 [INFO] 
[Métricas] RTSP: OFF | Câmera FPS: 25.0 | RAM: 291.91 MB | CPU
           Filas -> Cap: 0/200 (Drops: 0) | YOLO: 0/5 (Drops: 0)
           Estado: IDLE (Detecções ativas: 0)
           Restarts: Cap(0), YOLO(0), Rec(0)
2026-08-26 17:00:22 [INFO] 
[Métricas] RTSP: OFF | Câmera FPS: 25.0 | RAM: 291.91 MB | CPU
           Filas -> Cap: 0/200 (Drops: 0) | YOLO: 0/5 (Drops: 0)
           Estado: IDLE (Detecções ativas: 0)
           Restarts: Cap(0), YOLO(0), Rec(0)
2026-08-26 17:00:32 [INFO] 
[Métricas] RTSP: OFF | Câmera FPS: 25.0 | RAM: 291.91 MB | CPU
           Filas -> Cap: 0/200 (Drops: 0) | YOLO: 0/5 (Drops: 0)
           Estado: IDLE (Detecções ativas: 0)
           Restarts: Cap(0), YOLO(0), Rec(0)
2026-08-26 17:00:42 [INFO] 
[Métricas] RTSP: OFF | Câmera FPS: 25.0 | RAM: 291.91 MB | CPU
           Filas -> Cap: 0/200 (Drops: 0) | YOLO: 0/5 (Drops: 0)
           Estado: IDLE (Detecções ativas: 0)
           Restarts: Cap(0), YOLO(0), Rec(0)
2026-08-26 17:00:52 [INFO] 
[Métricas] RTSP: OFF | Câmera FPS: 25.0 | RAM: 291.91 MB | CPU
           Filas -> Cap: 0/200 (Drops: 0) | YOLO: 0/5 (Drops: 0)
           Estado: IDLE (Detecções ativas: 0)
           Restarts: Cap(0), YOLO(0), Rec(0)
2026-08-26 17:01:02 [INFO] 
[Métricas] RTSP: OFF | Câmera FPS: 25.0 | RAM: 291.91 MB | CPU
           Filas -> Cap: 0/200 (Drops: 0) | YOLO: 0/5 (Drops: 0)
           Estado: IDLE (Detecções ativas: 0)
           Restarts: Cap(0), YOLO(0), Rec(0)
2026-08-26 17:01:12 [INFO] 
[Métricas] RTSP: OFF | Câmera FPS: 25.0 | RAM: 291.91 MB | CPU
           Filas -> Cap: 0/200 (Drops: 0) | YOLO: 0/5 (Drops: 0)
           Estado: IDLE (Detecções ativas: 0)
           Restarts: Cap(0), YOLO(0), Rec(0)
2026-08-26 17:01:22 [INFO] 
[Métricas] RTSP: OFF | Câmera FPS: 25.0 | RAM: 291.91 MB | CPU
           Filas -> Cap: 0/200 (Drops: 0) | YOLO: 0/5 (Drops: 0)
           Estado: IDLE (Detecções ativas: 0)
           Restarts: Cap(0), YOLO(0), Rec(0)
2026-08-26 17:01:32 [INFO] 
[Métricas] RTSP: OFF | Câmera FPS: 25.0 | RAM: 291.91 MB | CPU
           Filas -> Cap: 0/200 (Drops: 0) | YOLO: 0/5 (Drops: 0)
           Estado: IDLE (Detecções ativas: 0)
           Restarts: Cap(0), YOLO(0), Rec(0)
2026-08-26 17:01:42 [INFO] 
[Métricas] RTSP: OFF | Câmera FPS: 25.0 | RAM: 291.91 MB | CPU
           Filas -> Cap: 0/200 (Drops: 0) | YOLO: 0/5 (Drops: 0)
           Estado: IDLE (Detecções ativas: 0)
           Restarts: Cap(0), YOLO(0), Rec(0)
2026-08-26 17:01:52 [INFO] 
[Métricas] RTSP: OFF | Câmera FPS: 25.0 | RAM: 291.91 MB | CPU
           Filas -> Cap: 0/200 (Drops: 0) | YOLO: 0/5 (Drops: 0)
           Estado: IDLE (Detecções ativas: 0)
           Restarts: Cap(0), YOLO(0), Rec(0)
2026-08-26 17:02:02 [INFO] 
[Métricas] RTSP: OFF | Câmera FPS: 25.0 | RAM: 291.91 MB | CPU
           Filas -> Cap: 0/200 (Drops: 0) | YOLO: 0/5 (Drops: 0)
           Estado: IDLE (Detecções ativas: 0)
           Restarts: Cap(0), YOLO(0), Rec(0)
2026-08-26 17:02:12 [INFO] 
[Métricas] RTSP: OFF | Câmera FPS: 25.0 | RAM: 291.91 MB | CPU
           Filas -> Cap: 0/200 (Drops: 0) | YOLO: 0/5 (Drops: 0)
           Estado: IDLE (Detecções ativas: 0)
           Restarts: Cap(0), YOLO(0), Rec(0)
2026-08-26 17:02:22 [INFO] 
[Métricas] RTSP: OFF | Câmera FPS: 25.0 | RAM: 291.91 MB | CPU
           Filas -> Cap: 0/200 (Drops: 0) | YOLO: 0/5 (Drops: 0)
           Estado: IDLE (Detecções ativas: 0)
           Restarts: Cap(0), YOLO(0), Rec(0)
2026-08-26 17:02:32 [INFO] 
[Métricas] RTSP: OFF | Câmera FPS: 25.0 | RAM: 291.91 MB | CPU
           Filas -> Cap: 0/200 (Drops: 0) | YOLO: 0/5 (Drops: 0)
           Estado: IDLE (Detecções ativas: 0)
           Restarts: Cap(0), YOLO(0), Rec(0)
2026-08-26 17:02:42 [INFO] 
[Métricas] RTSP: OFF | Câmera FPS: 25.0 | RAM: 291.91 MB | CPU
           Filas -> Cap: 0/200 (Drops: 0) | YOLO: 0/5 (Drops: 0)
           Estado: IDLE (Detecções ativas: 0)
           Restarts: Cap(0), YOLO(0), Rec(0)
2026-08-26 17:02:52 [INFO] 
[Métricas] RTSP: OFF | Câmera FPS: 25.0 | RAM: 291.91 MB | CPU
           Filas -> Cap: 0/200 (Drops: 0) | YOLO: 0/5 (Drops: 0)
           Estado: IDLE (Detecções ativas: 0)
           Restarts: Cap(0), YOLO(0), Rec(0)
2026-08-26 17:03:02 [INFO] 
[Métricas] RTSP: OFF | Câmera FPS: 25.0 | RAM: 291.91 MB | CPU
           Filas -> Cap: 0/200 (Drops: 0) | YOLO: 0/5 (Drops: 0)
           Estado: IDLE (Detecções ativas: 0)
           Restarts: Cap(0), YOLO(0), Rec(0)
2026-08-26 17:03:12 [INFO] 
[Métricas] RTSP: OFF | Câmera FPS: 25.0 | RAM: 291.91 MB | CPU
           Filas -> Cap: 0/200 (Drops: 0) | YOLO: 0/5 (Drops: 0)
           Estado: IDLE (Detecções ativas: 0)
           Restarts: Cap(0), YOLO(0), Rec(0)
2026-08-26 17:03:22 [INFO] 
[Métricas] RTSP: OFF | Câmera FPS: 25.0 | RAM: 291.91 MB | CPU
           Filas -> Cap: 0/200 (Drops: 0) | YOLO: 0/5 (Drops: 0)
           Estado: IDLE (Detecções ativas: 0)
           Restarts: Cap(0), YOLO(0), Rec(0)
2026-08-26 17:03:32 [INFO] 
[Métricas] RTSP: OFF | Câmera FPS: 25.0 | RAM: 291.91 MB | CPU
           Filas -> Cap: 0/200 (Drops: 0) | YOLO: 0/5 (Drops: 0)
           Estado: IDLE (Detecções ativas: 0)
           Restarts: Cap(0), YOLO(0), Rec(0)
2026-08-26 17:03:42 [INFO] 
[Métricas] RTSP: OFF | Câmera FPS: 25.0 | RAM: 291.91 MB | CPU
           Filas -> Cap: 0/200 (Drops: 0) | YOLO: 0/5 (Drops: 0)
           Estado: IDLE (Detecções ativas: 0)
           Restarts: Cap(0), YOLO(0), Rec(0)
2026-08-26 17:03:52 [INFO] 
[Métricas] RTSP: OFF | Câmera FPS: 25.0 | RAM: 291.89 MB | CPU
           Filas -> Cap: 0/200 (Drops: 0) | YOLO: 0/5 (Drops: 0)
           Estado: IDLE (Detecções ativas: 0)
           Restarts: Cap(0), YOLO(0), Rec(0)
2026-08-26 17:04:02 [INFO] 
[Métricas] RTSP: OFF | Câmera FPS: 25.0 | RAM: 291.89 MB | CPU
           Filas -> Cap: 0/200 (Drops: 0) | YOLO: 0/5 (Drops: 0)
           Estado: IDLE (Detecções ativas: 0)
           Restarts: Cap(0), YOLO(0), Rec(0)
2026-08-26 17:04:12 [INFO] 
[Métricas] RTSP: OFF | Câmera FPS: 25.0 | RAM: 291.89 MB | CPU
           Filas -> Cap: 0/200 (Drops: 0) | YOLO: 0/5 (Drops: 0)
           Estado: IDLE (Detecções ativas: 0)
           Restarts: Cap(0), YOLO(0), Rec(0)
2026-08-26 17:04:22 [INFO] 
[Métricas] RTSP: OFF | Câmera FPS: 25.0 | RAM: 291.89 MB | CPU
           Filas -> Cap: 0/200 (Drops: 0) | YOLO: 0/5 (Drops: 0)
           Estado: IDLE (Detecções ativas: 0)
           Restarts: Cap(0), YOLO(0), Rec(0)
2026-08-26 17:04:32 [INFO] 
[Métricas] RTSP: OFF | Câmera FPS: 25.0 | RAM: 291.89 MB | CPU
           Filas -> Cap: 0/200 (Drops: 0) | YOLO: 0/5 (Drops: 0)
           Estado: IDLE (Detecções ativas: 0)
           Restarts: Cap(0), YOLO(0), Rec(0)
2026-08-26 17:04:42 [INFO] 
[Métricas] RTSP: OFF | Câmera FPS: 25.0 | RAM: 291.89 MB | CPU
           Filas -> Cap: 0/200 (Drops: 0) | YOLO: 0/5 (Drops: 0)
           Estado: IDLE (Detecções ativas: 0)
           Restarts: Cap(0), YOLO(0), Rec(0)
2026-08-26 17:04:52 [INFO] 
[Métricas] RTSP: OFF | Câmera FPS: 25.0 | RAM: 291.89 MB | CPU
           Filas -> Cap: 0/200 (Drops: 0) | YOLO: 0/5 (Drops: 0)
           Estado: IDLE (Detecções ativas: 0)
           Restarts: Cap(0), YOLO(0), Rec(0)
2026-08-26 17:05:02 [INFO] 
[Métricas] RTSP: OFF | Câmera FPS: 25.0 | RAM: 291.89 MB | CPU
           Filas -> Cap: 0/200 (Drops: 0) | YOLO: 0/5 (Drops: 0)
           Estado: IDLE (Detecções ativas: 0)
           Restarts: Cap(0), YOLO(0), Rec(0)
2026-08-26 17:05:12 [INFO] 
[Métricas] RTSP: OFF | Câmera FPS: 25.0 | RAM: 291.89 MB | CPU
           Filas -> Cap: 0/200 (Drops: 0) | YOLO: 0/5 (Drops: 0)
           Estado: IDLE (Detecções ativas: 0)
           Restarts: Cap(0), YOLO(0), Rec(0)
2026-08-26 17:05:22 [INFO] 
[Métricas] RTSP: OFF | Câmera FPS: 25.0 | RAM: 291.89 MB | CPU
           Filas -> Cap: 0/200 (Drops: 0) | YOLO: 0/5 (Drops: 0)
           Estado: IDLE (Detecções ativas: 0)
           Restarts: Cap(0), YOLO(0), Rec(0)
2026-08-26 17:05:32 [INFO] 
[Métricas] RTSP: OFF | Câmera FPS: 25.0 | RAM: 291.89 MB | CPU
           Filas -> Cap: 0/200 (Drops: 0) | YOLO: 0/5 (Drops: 0)
           Estado: IDLE (Detecções ativas: 0)
           Restarts: Cap(0), YOLO(0), Rec(0)
2026-08-26 17:05:42 [INFO] 
[Métricas] RTSP: OFF | Câmera FPS: 25.0 | RAM: 72.74 MB | CPU
           Filas -> Cap: 0/200 (Drops: 0) | YOLO: 0/5 (Drops: 0)
           Estado: IDLE (Detecções ativas: 0)
           Restarts: Cap(0), YOLO(0), Rec(0)
2026-08-26 17:05:52 [INFO] 
[Métricas] RTSP: OFF | Câmera FPS: 25.0 | RAM: 72.74 MB | CPU
           Filas -> Cap: 0/200 (Drops: 0) | YOLO: 0/5 (Drops: 0)
           Estado: IDLE (Detecções ativas: 0)
           Restarts: Cap(0), YOLO(0), Rec(0)
2026-08-26 17:06:02 [INFO] 
[Métricas] RTSP: OFF | Câmera FPS: 25.0 | RAM: 72.74 MB | CPU
           Filas -> Cap: 0/200 (Drops: 0) | YOLO: 0/5 (Drops: 0)
           Estado: IDLE (Detecções ativas: 0)
           Restarts: Cap(0), YOLO(0), Rec(0)
2026-08-26 17:06:12 [INFO] 
[Métricas] RTSP: OFF | Câmera FPS: 25.0 | RAM: 72.74 MB | CPU
           Filas -> Cap: 0/200 (Drops: 0) | YOLO: 0/5 (Drops: 0)
           Estado: IDLE (Detecções ativas: 0)
           Restarts: Cap(0), YOLO(0), Rec(0)
2026-08-26 17:06:22 [INFO] 
[Métricas] RTSP: OFF | Câmera FPS: 25.0 | RAM: 72.74 MB | CPU
           Filas -> Cap: 0/200 (Drops: 0) | YOLO: 0/5 (Drops: 0)
           Estado: IDLE (Detecções ativas: 0)
           Restarts: Cap(0), YOLO(0), Rec(0)
2026-08-26 17:06:32 [INFO] 
[Métricas] RTSP: OFF | Câmera FPS: 25.0 | RAM: 72.74 MB | CPU
           Filas -> Cap: 0/200 (Drops: 0) | YOLO: 0/5 (Drops: 0)
           Estado: IDLE (Detecções ativas: 0)
           Restarts: Cap(0), YOLO(0), Rec(0)
2026-08-26 17:06:42 [INFO] 
[Métricas] RTSP: OFF | Câmera FPS: 25.0 | RAM: 72.74 MB | CPU
           Filas -> Cap: 0/200 (Drops: 0) | YOLO: 0/5 (Drops: 0)
           Estado: IDLE (Detecções ativas: 0)
           Restarts: Cap(0), YOLO(0), Rec(0)
2026-08-26 17:06:52 [INFO] 
[Métricas] RTSP: OFF | Câmera FPS: 25.0 | RAM: 72.74 MB | CPU
           Filas -> Cap: 0/200 (Drops: 0) | YOLO: 0/5 (Drops: 0)
           Estado: IDLE (Detecções ativas: 0)
           Restarts: Cap(0), YOLO(0), Rec(0)
2026-08-26 17:07:02 [INFO] 
[Métricas] RTSP: OFF | Câmera FPS: 25.0 | RAM: 72.74 MB | CPU
           Filas -> Cap: 0/200 (Drops: 0) | YOLO: 0/5 (Drops: 0)
           Estado: IDLE (Detecções ativas: 0)
           Restarts: Cap(0), YOLO(0), Rec(0)
2026-08-26 17:07:12 [INFO] 
[Métricas] RTSP: OFF | Câmera FPS: 25.0 | RAM: 72.74 MB | CPU
           Filas -> Cap: 0/200 (Drops: 0) | YOLO: 0/5 (Drops: 0)
           Estado: IDLE (Detecções ativas: 0)
           Restarts: Cap(0), YOLO(0), Rec(0)
2026-08-26 17:07:22 [INFO] 
[Métricas] RTSP: OFF | Câmera FPS: 25.0 | RAM: 72.74 MB | CPU
           Filas -> Cap: 0/200 (Drops: 0) | YOLO: 0/5 (Drops: 0)
           Estado: IDLE (Detecções ativas: 0)
           Restarts: Cap(0), YOLO(0), Rec(0)
2026-08-26 17:07:32 [INFO] 
[Métricas] RTSP: OFF | Câmera FPS: 25.0 | RAM: 72.74 MB | CPU
           Filas -> Cap: 0/200 (Drops: 0) | YOLO: 0/5 (Drops: 0)
           Estado: IDLE (Detecções ativas: 0)
           Restarts: Cap(0), YOLO(0), Rec(0)
2026-08-26 17:07:42 [INFO] 
[Métricas] RTSP: OFF | Câmera FPS: 25.0 | RAM: 72.74 MB | CPU
           Filas -> Cap: 0/200 (Drops: 0) | YOLO: 0/5 (Drops: 0)
           Estado: IDLE (Detecções ativas: 0)
           Restarts: Cap(0), YOLO(0), Rec(0)
2026-08-26 17:07:52 [INFO] 
[Métricas] RTSP: OFF | Câmera FPS: 25.0 | RAM: 72.74 MB | CPU
           Filas -> Cap: 0/200 (Drops: 0) | YOLO: 0/5 (Drops: 0)
           Estado: IDLE (Detecções ativas: 0)
           Restarts: Cap(0), YOLO(0), Rec(0)
2026-08-26 17:08:02 [INFO] 
[Métricas] RTSP: OFF | Câmera FPS: 25.0 | RAM: 72.74 MB | CPU
           Filas -> Cap: 0/200 (Drops: 0) | YOLO: 0/5 (Drops: 0)
           Estado: IDLE (Detecções ativas: 0)
           Restarts: Cap(0), YOLO(0), Rec(0)
2026-08-26 17:08:12 [INFO] 
[Métricas] RTSP: OFF | Câmera FPS: 25.0 | RAM: 72.74 MB | CPU
           Filas -> Cap: 0/200 (Drops: 0) | YOLO: 0/5 (Drops: 0)
           Estado: IDLE (Detecções ativas: 0)
           Restarts: Cap(0), YOLO(0), Rec(0)
2026-08-26 17:08:22 [INFO] 
[Métricas] RTSP: OFF | Câmera FPS: 25.0 | RAM: 72.74 MB | CPU
           Filas -> Cap: 0/200 (Drops: 0) | YOLO: 0/5 (Drops: 0)
           Estado: IDLE (Detecções ativas: 0)
           Restarts: Cap(0), YOLO(0), Rec(0)
2026-08-26 17:08:32 [INFO] 
[Métricas] RTSP: OFF | Câmera FPS: 25.0 | RAM: 72.74 MB | CPU
           Filas -> Cap: 0/200 (Drops: 0) | YOLO: 0/5 (Drops: 0)
           Estado: IDLE (Detecções ativas: 0)
           Restarts: Cap(0), YOLO(0), Rec(0)
2026-08-26 17:08:42 [INFO] 
[Métricas] RTSP: OFF | Câmera FPS: 25.0 | RAM: 72.74 MB | CPU
           Filas -> Cap: 0/200 (Drops: 0) | YOLO: 0/5 (Drops: 0)
           Estado: IDLE (Detecções ativas: 0)
           Restarts: Cap(0), YOLO(0), Rec(0)
2026-08-26 17:08:52 [INFO] 
[Métricas] RTSP: OFF | Câmera FPS: 25.0 | RAM: 72.74 MB | CPU
           Filas -> Cap: 0/200 (Drops: 0) | YOLO: 0/5 (Drops: 0)
           Estado: IDLE (Detecções ativas: 0)
           Restarts: Cap(0), YOLO(0), Rec(0)
2026-08-26 17:09:02 [INFO] 
[Métricas] RTSP: OFF | Câmera FPS: 25.0 | RAM: 72.74 MB | CPU
           Filas -> Cap: 0/200 (Drops: 0) | YOLO: 0/5 (Drops: 0)
           Estado: IDLE (Detecções ativas: 0)
           Restarts: Cap(0), YOLO(0), Rec(0)
2026-08-26 17:09:12 [INFO] 
[Métricas] RTSP: OFF | Câmera FPS: 25.0 | RAM: 72.74 MB | CPU
           Filas -> Cap: 0/200 (Drops: 0) | YOLO: 0/5 (Drops: 0)
           Estado: IDLE (Detecções ativas: 0)
           Restarts: Cap(0), YOLO(0), Rec(0)
2026-08-26 17:09:22 [INFO] 
[Métricas] RTSP: OFF | Câmera FPS: 25.0 | RAM: 72.74 MB | CPU
           Filas -> Cap: 0/200 (Drops: 0) | YOLO: 0/5 (Drops: 0)
           Estado: IDLE (Detecções ativas: 0)
           Restarts: Cap(0), YOLO(0), Rec(0)
2026-08-26 17:09:32 [INFO] 
[Métricas] RTSP: OFF | Câmera FPS: 25.0 | RAM: 72.74 MB | CPU
           Filas -> Cap: 0/200 (Drops: 0) | YOLO: 0/5 (Drops: 0)
           Estado: IDLE (Detecções ativas: 0)
           Restarts: Cap(0), YOLO(0), Rec(0)
2026-08-26 17:09:42 [INFO] 
[Métricas] RTSP: OFF | Câmera FPS: 25.0 | RAM: 72.74 MB | CPU
           Filas -> Cap: 0/200 (Drops: 0) | YOLO: 0/5 (Drops: 0)
           Estado: IDLE (Detecções ativas: 0)
           Restarts: Cap(0), YOLO(0), Rec(0)
2026-08-26 17:09:52 [INFO] 
[Métricas] RTSP: OFF | Câmera FPS: 25.0 | RAM: 72.74 MB | CPU
           Filas -> Cap: 0/200 (Drops: 0) | YOLO: 0/5 (Drops: 0)
           Estado: IDLE (Detecções ativas: 0)
           Restarts: Cap(0), YOLO(0), Rec(0)
2026-08-26 17:10:02 [INFO] 
[Métricas] RTSP: OFF | Câmera FPS: 25.0 | RAM: 72.74 MB | CPU
           Filas -> Cap: 0/200 (Drops: 0) | YOLO: 0/5 (Drops: 0)
           Estado: IDLE (Detecções ativas: 0)
           Restarts: Cap(0), YOLO(0), Rec(0)
2026-08-26 17:10:12 [INFO] 
[Métricas] RTSP: OFF | Câmera FPS: 25.0 | RAM: 72.74 MB | CPU
           Filas -> Cap: 0/200 (Drops: 0) | YOLO: 0/5 (Drops: 0)
           Estado: IDLE (Detecções ativas: 0)
           Restarts: Cap(0), YOLO(0), Rec(0)
2026-08-26 17:10:22 [INFO] 
[Métricas] RTSP: OFF | Câmera FPS: 25.0 | RAM: 72.74 MB | CPU
           Filas -> Cap: 0/200 (Drops: 0) | YOLO: 0/5 (Drops: 0)
           Estado: IDLE (Detecções ativas: 0)
           Restarts: Cap(0), YOLO(0), Rec(0)
2026-08-26 17:10:32 [INFO] 
[Métricas] RTSP: OFF | Câmera FPS: 25.0 | RAM: 72.74 MB | CPU
           Filas -> Cap: 0/200 (Drops: 0) | YOLO: 0/5 (Drops: 0)
           Estado: IDLE (Detecções ativas: 0)
           Restarts: Cap(0), YOLO(0), Rec(0)
2026-08-26 17:10:42 [INFO] 
[Métricas] RTSP: OFF | Câmera FPS: 25.0 | RAM: 72.74 MB | CPU
           Filas -> Cap: 0/200 (Drops: 0) | YOLO: 0/5 (Drops: 0)
           Estado: IDLE (Detecções ativas: 0)
           Restarts: Cap(0), YOLO(0), Rec(0)
