2026-08-19 16:11:28 [INFO] ============================================================
2026-08-19 16:11:28 [INFO] SISTEMA DE VIGILÂNCIA RTSP 24/7 INICIADO
2026-08-19 16:11:28 [INFO] ============================================================
2026-08-19 16:11:28 [INFO] [CaptureThread] Iniciada.
2026-08-19 16:11:28 [INFO] [YOLOThread] Iniciada.
2026-08-19 16:11:28 [INFO] [YOLO] Carregando modelo: yolo11s.pt em CPU
2026-08-19 16:11:28 [INFO] [RecordThread] Iniciada.
2026-08-19 16:11:28 [INFO] [YOLO] Carregamento concluído.
2026-08-19 16:11:30 [INFO] [Câmera] Conectado ao RTSP: rtsp://Projeto:projeto1@192.168.0.102:554/stream1 | Resolução: 1920x1080 | FPS: 15.00
2026-08-19 16:11:38 [INFO] 
[Métricas] RTSP: OK | Câmera FPS: 16.8 | RAM: 1355.43 MB | CPU
           Filas -> Cap: 0/100 (Drops: 0) | YOLO: 4/5 (Drops: 23)
           Estado: IDLE (Detecções ativas: 0)
           Restarts: Cap(0), YOLO(0), Rec(0)
2026-08-19 16:11:48 [INFO] 
[Métricas] RTSP: OK | Câmera FPS: 15.6 | RAM: 1299.99 MB | CPU
           Filas -> Cap: 0/100 (Drops: 0) | YOLO: 5/5 (Drops: 54)
           Estado: IDLE (Detecções ativas: 0)
           Restarts: Cap(0), YOLO(0), Rec(0)
2026-08-19 16:11:58 [INFO] 
[Métricas] RTSP: OK | Câmera FPS: 15.1 | RAM: 1338.85 MB | CPU
           Filas -> Cap: 0/100 (Drops: 0) | YOLO: 5/5 (Drops: 80)
           Estado: IDLE (Detecções ativas: 0)
           Restarts: Cap(0), YOLO(0), Rec(0)
