2026-08-19 16:31:02 [INFO] ============================================================
2026-08-19 16:31:02 [INFO] SISTEMA DE VIGILÂNCIA RTSP 24/7 INICIADO
2026-08-19 16:31:02 [INFO] ============================================================
2026-08-19 16:31:02 [INFO] [CaptureThread] Iniciada.
2026-08-19 16:31:02 [INFO] [YOLOThread] Iniciada.
2026-08-19 16:31:02 [INFO] [YOLO] Carregando modelo: yolo11s.pt em CPU
2026-08-19 16:31:02 [INFO] [RecordThread] Iniciada.
2026-08-19 16:31:02 [INFO] [YOLO] Carregamento concluído.
2026-08-19 16:31:12 [INFO] 
[Métricas] RTSP: OFF | Câmera FPS: 25.0 | RAM: 294.52 MB | CPU
           Filas -> Cap: 0/100 (Drops: 0) | YOLO: 0/5 (Drops: 0)
           Estado: IDLE (Detecções ativas: 0)
           Restarts: Cap(0), YOLO(0), Rec(0)
2026-08-19 16:31:22 [INFO] 
[Métricas] RTSP: OFF | Câmera FPS: 25.0 | RAM: 294.52 MB | CPU
           Filas -> Cap: 0/100 (Drops: 0) | YOLO: 0/5 (Drops: 0)
           Estado: IDLE (Detecções ativas: 0)
           Restarts: Cap(0), YOLO(0), Rec(0)
2026-08-19 16:31:32 [INFO] 
[Métricas] RTSP: OFF | Câmera FPS: 25.0 | RAM: 294.76 MB | CPU
           Filas -> Cap: 0/100 (Drops: 0) | YOLO: 0/5 (Drops: 0)
           Estado: IDLE (Detecções ativas: 0)
           Restarts: Cap(0), YOLO(0), Rec(0)
2026-08-19 16:31:42 [INFO] 
[Métricas] RTSP: OFF | Câmera FPS: 25.0 | RAM: 294.76 MB | CPU
           Filas -> Cap: 0/100 (Drops: 0) | YOLO: 0/5 (Drops: 0)
           Estado: IDLE (Detecções ativas: 0)
           Restarts: Cap(0), YOLO(0), Rec(0)
2026-08-19 16:31:52 [INFO] 
[Métricas] RTSP: OFF | Câmera FPS: 25.0 | RAM: 294.76 MB | CPU
           Filas -> Cap: 0/100 (Drops: 0) | YOLO: 0/5 (Drops: 0)
           Estado: IDLE (Detecções ativas: 0)
           Restarts: Cap(0), YOLO(0), Rec(0)
2026-08-19 16:32:02 [INFO] 
[Métricas] RTSP: OFF | Câmera FPS: 25.0 | RAM: 294.70 MB | CPU
           Filas -> Cap: 0/100 (Drops: 0) | YOLO: 0/5 (Drops: 0)
           Estado: IDLE (Detecções ativas: 0)
           Restarts: Cap(0), YOLO(0), Rec(0)
2026-08-19 16:32:12 [INFO] 
[Métricas] RTSP: OFF | Câmera FPS: 25.0 | RAM: 294.70 MB | CPU
           Filas -> Cap: 0/100 (Drops: 0) | YOLO: 0/5 (Drops: 0)
           Estado: IDLE (Detecções ativas: 0)
           Restarts: Cap(0), YOLO(0), Rec(0)
2026-08-19 16:32:22 [INFO] 
[Métricas] RTSP: OFF | Câmera FPS: 25.0 | RAM: 294.70 MB | CPU
           Filas -> Cap: 0/100 (Drops: 0) | YOLO: 0/5 (Drops: 0)
           Estado: IDLE (Detecções ativas: 0)
           Restarts: Cap(0), YOLO(0), Rec(0)
