2026-08-19 16:36:28 [INFO] ============================================================
2026-08-19 16:36:28 [INFO] SISTEMA DE VIGILÂNCIA RTSP 24/7 INICIADO
2026-08-19 16:36:28 [INFO] ============================================================
2026-08-19 16:36:28 [INFO] [CaptureThread] Iniciada.
2026-08-19 16:36:28 [INFO] [YOLOThread] Iniciada.
2026-08-19 16:36:28 [INFO] [YOLO] Carregando modelo: yolo11s.pt em CPU
2026-08-19 16:36:28 [INFO] [RecordThread] Iniciada.
2026-08-19 16:36:28 [INFO] [YOLO] Carregamento concluído.
2026-08-19 16:36:38 [INFO] 
[Métricas] RTSP: OFF | Câmera FPS: 25.0 | RAM: 294.24 MB | CPU
           Filas -> Cap: 0/100 (Drops: 0) | YOLO: 0/5 (Drops: 0)
           Estado: IDLE (Detecções ativas: 0)
           Restarts: Cap(0), YOLO(0), Rec(0)
2026-08-19 16:36:48 [INFO] 
[Métricas] RTSP: OFF | Câmera FPS: 25.0 | RAM: 294.24 MB | CPU
           Filas -> Cap: 0/100 (Drops: 0) | YOLO: 0/5 (Drops: 0)
           Estado: IDLE (Detecções ativas: 0)
           Restarts: Cap(0), YOLO(0), Rec(0)
2026-08-19 16:36:58 [INFO] 
[Métricas] RTSP: OFF | Câmera FPS: 25.0 | RAM: 294.24 MB | CPU
           Filas -> Cap: 0/100 (Drops: 0) | YOLO: 0/5 (Drops: 0)
           Estado: IDLE (Detecções ativas: 0)
           Restarts: Cap(0), YOLO(0), Rec(0)
2026-08-19 16:37:08 [INFO] 
[Métricas] RTSP: OFF | Câmera FPS: 25.0 | RAM: 294.47 MB | CPU
           Filas -> Cap: 0/100 (Drops: 0) | YOLO: 0/5 (Drops: 0)
           Estado: IDLE (Detecções ativas: 0)
           Restarts: Cap(0), YOLO(0), Rec(0)
2026-08-19 16:37:18 [INFO] 
[Métricas] RTSP: OFF | Câmera FPS: 25.0 | RAM: 294.47 MB | CPU
           Filas -> Cap: 0/100 (Drops: 0) | YOLO: 0/5 (Drops: 0)
           Estado: IDLE (Detecções ativas: 0)
           Restarts: Cap(0), YOLO(0), Rec(0)
2026-08-19 16:37:28 [INFO] 
[Métricas] RTSP: OFF | Câmera FPS: 25.0 | RAM: 294.43 MB | CPU
           Filas -> Cap: 0/100 (Drops: 0) | YOLO: 0/5 (Drops: 0)
           Estado: IDLE (Detecções ativas: 0)
           Restarts: Cap(0), YOLO(0), Rec(0)
