2026-08-20 13:40:30 [INFO] ============================================================
2026-08-20 13:40:30 [INFO] SISTEMA DE VIGILÂNCIA RTSP 24/7 INICIADO
2026-08-20 13:40:30 [INFO] ============================================================
2026-08-20 13:40:30 [INFO] [CaptureThread] Iniciada.
2026-08-20 13:40:30 [INFO] [YOLOThread] Iniciada.
2026-08-20 13:40:30 [INFO] [YOLO] Carregando modelo: yolo11s.pt em CPU
2026-08-20 13:40:30 [INFO] [RecordThread] Iniciada.
2026-08-20 13:40:31 [INFO] [YOLO] Carregamento concluído.
2026-08-20 13:40:40 [INFO] 
[Métricas] RTSP: OFF | Câmera FPS: 25.0 | RAM: 291.52 MB | CPU
           Filas -> Cap: 0/200 (Drops: 0) | YOLO: 0/5 (Drops: 0)
           Estado: IDLE (Detecções ativas: 0)
           Restarts: Cap(0), YOLO(0), Rec(0)
2026-08-20 13:40:50 [INFO] 
[Métricas] RTSP: OFF | Câmera FPS: 25.0 | RAM: 291.52 MB | CPU
           Filas -> Cap: 0/200 (Drops: 0) | YOLO: 0/5 (Drops: 0)
           Estado: IDLE (Detecções ativas: 0)
           Restarts: Cap(0), YOLO(0), Rec(0)
2026-08-20 13:41:00 [INFO] 
[Métricas] RTSP: OFF | Câmera FPS: 25.0 | RAM: 291.53 MB | CPU
           Filas -> Cap: 0/200 (Drops: 0) | YOLO: 0/5 (Drops: 0)
           Estado: IDLE (Detecções ativas: 0)
           Restarts: Cap(0), YOLO(0), Rec(0)
2026-08-20 13:41:10 [INFO] 
[Métricas] RTSP: OFF | Câmera FPS: 25.0 | RAM: 291.73 MB | CPU
           Filas -> Cap: 0/200 (Drops: 0) | YOLO: 0/5 (Drops: 0)
           Estado: IDLE (Detecções ativas: 0)
           Restarts: Cap(0), YOLO(0), Rec(0)
2026-08-20 13:41:20 [INFO] 
[Métricas] RTSP: OFF | Câmera FPS: 25.0 | RAM: 291.73 MB | CPU
           Filas -> Cap: 0/200 (Drops: 0) | YOLO: 0/5 (Drops: 0)
           Estado: IDLE (Detecções ativas: 0)
           Restarts: Cap(0), YOLO(0), Rec(0)
2026-08-20 13:41:30 [INFO] 
[Métricas] RTSP: OFF | Câmera FPS: 25.0 | RAM: 291.74 MB | CPU
           Filas -> Cap: 0/200 (Drops: 0) | YOLO: 0/5 (Drops: 0)
           Estado: IDLE (Detecções ativas: 0)
           Restarts: Cap(0), YOLO(0), Rec(0)
