2026-08-20 15:36:28 [INFO] ============================================================
2026-08-20 15:36:28 [INFO] SISTEMA DE VIGILÂNCIA RTSP 24/7 INICIADO
2026-08-20 15:36:28 [INFO] ============================================================
2026-08-20 15:36:28 [INFO] [CaptureThread] Iniciada.
2026-08-20 15:36:28 [INFO] [YOLOThread] Iniciada.
2026-08-20 15:36:28 [INFO] [YOLO] Carregando modelo: yolo11s.pt em CPU
2026-08-20 15:36:28 [INFO] [RecordThread] Iniciada.
2026-08-20 15:36:29 [INFO] [YOLO] Carregamento concluído.
2026-08-20 15:36:38 [INFO] 
[Métricas] RTSP: OFF | Câmera FPS: 25.0 | RAM: 294.06 MB | CPU
           Filas -> Cap: 0/200 (Drops: 0) | YOLO: 0/5 (Drops: 0)
           Estado: IDLE (Detecções ativas: 0)
           Restarts: Cap(0), YOLO(0), Rec(0)
2026-08-20 15:36:48 [INFO] 
[Métricas] RTSP: OFF | Câmera FPS: 25.0 | RAM: 291.16 MB | CPU
           Filas -> Cap: 0/200 (Drops: 0) | YOLO: 0/5 (Drops: 0)
           Estado: IDLE (Detecções ativas: 0)
           Restarts: Cap(0), YOLO(0), Rec(0)
2026-08-20 15:36:58 [INFO] 
[Métricas] RTSP: OFF | Câmera FPS: 25.0 | RAM: 291.16 MB | CPU
           Filas -> Cap: 0/200 (Drops: 0) | YOLO: 0/5 (Drops: 0)
           Estado: IDLE (Detecções ativas: 0)
           Restarts: Cap(0), YOLO(0), Rec(0)
2026-08-20 15:37:08 [INFO] 
[Métricas] RTSP: OFF | Câmera FPS: 25.0 | RAM: 291.40 MB | CPU
           Filas -> Cap: 0/200 (Drops: 0) | YOLO: 0/5 (Drops: 0)
           Estado: IDLE (Detecções ativas: 0)
           Restarts: Cap(0), YOLO(0), Rec(0)
2026-08-20 15:37:18 [INFO] 
[Métricas] RTSP: OFF | Câmera FPS: 25.0 | RAM: 291.34 MB | CPU
           Filas -> Cap: 0/200 (Drops: 0) | YOLO: 0/5 (Drops: 0)
           Estado: IDLE (Detecções ativas: 0)
           Restarts: Cap(0), YOLO(0), Rec(0)
2026-08-20 15:37:28 [INFO] 
[Métricas] RTSP: OFF | Câmera FPS: 25.0 | RAM: 291.34 MB | CPU
           Filas -> Cap: 0/200 (Drops: 0) | YOLO: 0/5 (Drops: 0)
           Estado: IDLE (Detecções ativas: 0)
           Restarts: Cap(0), YOLO(0), Rec(0)
2026-08-20 15:37:38 [INFO] 
[Métricas] RTSP: OFF | Câmera FPS: 25.0 | RAM: 291.35 MB | CPU
           Filas -> Cap: 0/200 (Drops: 0) | YOLO: 0/5 (Drops: 0)
           Estado: IDLE (Detecções ativas: 0)
           Restarts: Cap(0), YOLO(0), Rec(0)
2026-08-20 15:37:48 [INFO] 
[Métricas] RTSP: OFF | Câmera FPS: 25.0 | RAM: 291.34 MB | CPU
           Filas -> Cap: 0/200 (Drops: 0) | YOLO: 0/5 (Drops: 0)
           Estado: IDLE (Detecções ativas: 0)
           Restarts: Cap(0), YOLO(0), Rec(0)
2026-08-20 15:37:58 [INFO] 
[Métricas] RTSP: OFF | Câmera FPS: 25.0 | RAM: 291.34 MB | CPU
           Filas -> Cap: 0/200 (Drops: 0) | YOLO: 0/5 (Drops: 0)
           Estado: IDLE (Detecções ativas: 0)
           Restarts: Cap(0), YOLO(0), Rec(0)
2026-08-20 15:38:08 [INFO] 
[Métricas] RTSP: OFF | Câmera FPS: 25.0 | RAM: 291.36 MB | CPU
           Filas -> Cap: 0/200 (Drops: 0) | YOLO: 0/5 (Drops: 0)
           Estado: IDLE (Detecções ativas: 0)
           Restarts: Cap(0), YOLO(0), Rec(0)
2026-08-20 15:38:18 [INFO] 
[Métricas] RTSP: OFF | Câmera FPS: 25.0 | RAM: 291.36 MB | CPU
           Filas -> Cap: 0/200 (Drops: 0) | YOLO: 0/5 (Drops: 0)
           Estado: IDLE (Detecções ativas: 0)
           Restarts: Cap(0), YOLO(0), Rec(0)
2026-08-20 15:38:28 [INFO] 
[Métricas] RTSP: OFF | Câmera FPS: 25.0 | RAM: 291.36 MB | CPU
           Filas -> Cap: 0/200 (Drops: 0) | YOLO: 0/5 (Drops: 0)
           Estado: IDLE (Detecções ativas: 0)
           Restarts: Cap(0), YOLO(0), Rec(0)
2026-08-20 15:38:38 [INFO] 
[Métricas] RTSP: OFF | Câmera FPS: 25.0 | RAM: 291.36 MB | CPU
           Filas -> Cap: 0/200 (Drops: 0) | YOLO: 0/5 (Drops: 0)
           Estado: IDLE (Detecções ativas: 0)
           Restarts: Cap(0), YOLO(0), Rec(0)
2026-08-20 15:38:48 [INFO] 
[Métricas] RTSP: OFF | Câmera FPS: 25.0 | RAM: 291.36 MB | CPU
           Filas -> Cap: 0/200 (Drops: 0) | YOLO: 0/5 (Drops: 0)
           Estado: IDLE (Detecções ativas: 0)
           Restarts: Cap(0), YOLO(0), Rec(0)
2026-08-20 15:38:58 [INFO] 
[Métricas] RTSP: OFF | Câmera FPS: 25.0 | RAM: 291.36 MB | CPU
           Filas -> Cap: 0/200 (Drops: 0) | YOLO: 0/5 (Drops: 0)
           Estado: IDLE (Detecções ativas: 0)
           Restarts: Cap(0), YOLO(0), Rec(0)
2026-08-20 15:39:08 [INFO] 
[Métricas] RTSP: OFF | Câmera FPS: 25.0 | RAM: 291.36 MB | CPU
           Filas -> Cap: 0/200 (Drops: 0) | YOLO: 0/5 (Drops: 0)
           Estado: IDLE (Detecções ativas: 0)
           Restarts: Cap(0), YOLO(0), Rec(0)
2026-08-20 15:39:18 [INFO] 
[Métricas] RTSP: OFF | Câmera FPS: 25.0 | RAM: 291.36 MB | CPU
           Filas -> Cap: 0/200 (Drops: 0) | YOLO: 0/5 (Drops: 0)
           Estado: IDLE (Detecções ativas: 0)
           Restarts: Cap(0), YOLO(0), Rec(0)
2026-08-20 15:39:28 [INFO] 
[Métricas] RTSP: OFF | Câmera FPS: 25.0 | RAM: 291.36 MB | CPU
           Filas -> Cap: 0/200 (Drops: 0) | YOLO: 0/5 (Drops: 0)
           Estado: IDLE (Detecções ativas: 0)
           Restarts: Cap(0), YOLO(0), Rec(0)
