2026-08-20 14:26:40 [INFO] ============================================================
2026-08-20 14:26:40 [INFO] SISTEMA DE VIGILÂNCIA RTSP 24/7 INICIADO
2026-08-20 14:26:40 [INFO] ============================================================
2026-08-20 14:26:40 [INFO] [CaptureThread] Iniciada.
2026-08-20 14:26:40 [INFO] [YOLOThread] Iniciada.
2026-08-20 14:26:40 [INFO] [YOLO] Carregando modelo: yolo11s.pt em CPU
2026-08-20 14:26:40 [INFO] [RecordThread] Iniciada.
2026-08-20 14:26:40 [INFO] [YOLO] Carregamento concluído.
2026-08-20 14:26:50 [INFO] 
[Métricas] RTSP: OFF | Câmera FPS: 25.0 | RAM: 293.94 MB | CPU
           Filas -> Cap: 0/200 (Drops: 0) | YOLO: 0/5 (Drops: 0)
           Estado: IDLE (Detecções ativas: 0)
           Restarts: Cap(0), YOLO(0), Rec(0)
2026-08-20 14:27:00 [INFO] 
[Métricas] RTSP: OFF | Câmera FPS: 25.0 | RAM: 293.94 MB | CPU
           Filas -> Cap: 0/200 (Drops: 0) | YOLO: 0/5 (Drops: 0)
           Estado: IDLE (Detecções ativas: 0)
           Restarts: Cap(0), YOLO(0), Rec(0)
2026-08-20 14:27:10 [INFO] 
[Métricas] RTSP: OFF | Câmera FPS: 25.0 | RAM: 293.94 MB | CPU
           Filas -> Cap: 0/200 (Drops: 0) | YOLO: 0/5 (Drops: 0)
           Estado: IDLE (Detecções ativas: 0)
           Restarts: Cap(0), YOLO(0), Rec(0)
[ WARN:0@30.101] global cap_ffmpeg_impl.hpp:453 _opencv_ffmpeg_interrupt_callback Stream timeout triggered after 30101.050000 ms
2026-08-20 14:27:20 [INFO] 
[Métricas] RTSP: OFF | Câmera FPS: 25.0 | RAM: 294.18 MB | CPU
           Filas -> Cap: 0/200 (Drops: 0) | YOLO: 0/5 (Drops: 0)
           Estado: IDLE (Detecções ativas: 0)
           Restarts: Cap(0), YOLO(0), Rec(0)
2026-08-20 14:27:30 [INFO] 
[Métricas] RTSP: OFF | Câmera FPS: 25.0 | RAM: 294.18 MB | CPU
           Filas -> Cap: 0/200 (Drops: 0) | YOLO: 0/5 (Drops: 0)
           Estado: IDLE (Detecções ativas: 0)
           Restarts: Cap(0), YOLO(0), Rec(0)
2026-08-20 14:27:40 [INFO] 
[Métricas] RTSP: OFF | Câmera FPS: 25.0 | RAM: 294.13 MB | CPU
           Filas -> Cap: 0/200 (Drops: 0) | YOLO: 0/5 (Drops: 0)
           Estado: IDLE (Detecções ativas: 0)
           Restarts: Cap(0), YOLO(0), Rec(0)
[ WARN:0@65.137] global cap_ffmpeg_impl.hpp:453 _opencv_ffmpeg_interrupt_callback Stream timeout triggered after 30034.390000 ms
2026-08-20 14:27:50 [INFO] 
[Métricas] RTSP: OFF | Câmera FPS: 25.0 | RAM: 294.13 MB | CPU
           Filas -> Cap: 0/200 (Drops: 0) | YOLO: 0/5 (Drops: 0)
           Estado: IDLE (Detecções ativas: 0)
           Restarts: Cap(0), YOLO(0), Rec(0)
2026-08-20 14:28:00 [INFO] 
[Métricas] RTSP: OFF | Câmera FPS: 25.0 | RAM: 294.13 MB | CPU
           Filas -> Cap: 0/200 (Drops: 0) | YOLO: 0/5 (Drops: 0)
           Estado: IDLE (Detecções ativas: 0)
           Restarts: Cap(0), YOLO(0), Rec(0)
2026-08-20 14:28:10 [INFO] 
[Métricas] RTSP: OFF | Câmera FPS: 25.0 | RAM: 294.13 MB | CPU
           Filas -> Cap: 0/200 (Drops: 0) | YOLO: 0/5 (Drops: 0)
           Estado: IDLE (Detecções ativas: 0)
           Restarts: Cap(0), YOLO(0), Rec(0)
2026-08-20 14:28:20 [INFO] 
[Métricas] RTSP: OFF | Câmera FPS: 25.0 | RAM: 294.13 MB | CPU
           Filas -> Cap: 0/200 (Drops: 0) | YOLO: 0/5 (Drops: 0)
           Estado: IDLE (Detecções ativas: 0)
           Restarts: Cap(0), YOLO(0), Rec(0)
[ WARN:0@100.168] global cap_ffmpeg_impl.hpp:453 _opencv_ffmpeg_interrupt_callback Stream timeout triggered after 30013.244000 ms
2026-08-20 14:28:30 [INFO] 
[Métricas] RTSP: OFF | Câmera FPS: 25.0 | RAM: 294.13 MB | CPU
           Filas -> Cap: 0/200 (Drops: 0) | YOLO: 0/5 (Drops: 0)
           Estado: IDLE (Detecções ativas: 0)
           Restarts: Cap(0), YOLO(0), Rec(0)
2026-08-20 14:28:40 [INFO] 
[Métricas] RTSP: OFF | Câmera FPS: 25.0 | RAM: 294.12 MB | CPU
           Filas -> Cap: 0/200 (Drops: 0) | YOLO: 0/5 (Drops: 0)
           Estado: IDLE (Detecções ativas: 0)
           Restarts: Cap(0), YOLO(0), Rec(0)
2026-08-20 14:28:50 [INFO] 
[Métricas] RTSP: OFF | Câmera FPS: 25.0 | RAM: 294.09 MB | CPU
           Filas -> Cap: 0/200 (Drops: 0) | YOLO: 0/5 (Drops: 0)
           Estado: IDLE (Detecções ativas: 0)
           Restarts: Cap(0), YOLO(0), Rec(0)
